build-and-test	UNKNOWN STEP	ï»¿2025-10-27T15:09:51.1641077Z Current runner version: '2.329.0'
build-and-test	UNKNOWN STEP	2025-10-27T15:09:51.1665386Z ##[group]Runner Image Provisioner
build-and-test	UNKNOWN STEP	2025-10-27T15:09:51.1666349Z Hosted Compute Agent
build-and-test	UNKNOWN STEP	2025-10-27T15:09:51.1666890Z Version: 20250912.392
build-and-test	UNKNOWN STEP	2025-10-27T15:09:51.1667480Z Commit: d921fda672a98b64f4f82364647e2f10b2267d0b
build-and-test	UNKNOWN STEP	2025-10-27T15:09:51.1668232Z Build Date: 2025-09-12T15:23:14Z
build-and-test	UNKNOWN STEP	2025-10-27T15:09:51.1668831Z ##[endgroup]
build-and-test	UNKNOWN STEP	2025-10-27T15:09:51.1669367Z ##[group]Operating System
build-and-test	UNKNOWN STEP	2025-10-27T15:09:51.1669989Z Ubuntu
build-and-test	UNKNOWN STEP	2025-10-27T15:09:51.1670440Z 24.04.3
build-and-test	UNKNOWN STEP	2025-10-27T15:09:51.1670911Z LTS
build-and-test	UNKNOWN STEP	2025-10-27T15:09:51.1671434Z ##[endgroup]
build-and-test	UNKNOWN STEP	2025-10-27T15:09:51.1671902Z ##[group]Runner Image
build-and-test	UNKNOWN STEP	2025-10-27T15:09:51.1672810Z Image: ubuntu-24.04
build-and-test	UNKNOWN STEP	2025-10-27T15:09:51.1673359Z Version: 20250929.60.1
build-and-test	UNKNOWN STEP	2025-10-27T15:09:51.1674387Z Included Software: https://github.com/actions/runner-images/blob/ubuntu24/20250929.60/images/ubuntu/Ubuntu2404-Readme.md
build-and-test	UNKNOWN STEP	2025-10-27T15:09:51.1675877Z Image Release: https://github.com/actions/runner-images/releases/tag/ubuntu24%2F20250929.60
build-and-test	UNKNOWN STEP	2025-10-27T15:09:51.1676922Z ##[endgroup]
build-and-test	UNKNOWN STEP	2025-10-27T15:09:51.1677997Z ##[group]GITHUB_TOKEN Permissions
build-and-test	UNKNOWN STEP	2025-10-27T15:09:51.1680055Z Contents: read
build-and-test	UNKNOWN STEP	2025-10-27T15:09:51.1680624Z Metadata: read
build-and-test	UNKNOWN STEP	2025-10-27T15:09:51.1681083Z Packages: read
build-and-test	UNKNOWN STEP	2025-10-27T15:09:51.1681692Z ##[endgroup]
build-and-test	UNKNOWN STEP	2025-10-27T15:09:51.1683890Z Secret source: Actions
build-and-test	UNKNOWN STEP	2025-10-27T15:09:51.1684595Z Prepare workflow directory
build-and-test	UNKNOWN STEP	2025-10-27T15:09:51.2013660Z Prepare all required actions
build-and-test	UNKNOWN STEP	2025-10-27T15:09:51.2053228Z Getting action download info
build-and-test	UNKNOWN STEP	2025-10-27T15:09:51.7627017Z Download action repository 'actions/checkout@v4' (SHA:08eba0b27e820071cde6df949e0beb9ba4906955)
build-and-test	UNKNOWN STEP	2025-10-27T15:09:51.9721352Z Download action repository 'foundry-rs/foundry-toolchain@v1' (SHA:50d5a8956f2e319df19e6b57539d7e2acb9f8c1e)
build-and-test	UNKNOWN STEP	2025-10-27T15:09:52.9588058Z Complete job name: build-and-test
build-and-test	UNKNOWN STEP	2025-10-27T15:09:53.0408339Z ##[group]Run actions/checkout@v4
build-and-test	UNKNOWN STEP	2025-10-27T15:09:53.0409295Z with:
build-and-test	UNKNOWN STEP	2025-10-27T15:09:53.0409751Z   repository: NeaBouli/1kUSD
build-and-test	UNKNOWN STEP	2025-10-27T15:09:53.0410476Z   token: ***
build-and-test	UNKNOWN STEP	2025-10-27T15:09:53.0410946Z   ssh-strict: true
build-and-test	UNKNOWN STEP	2025-10-27T15:09:53.0411398Z   ssh-user: git
build-and-test	UNKNOWN STEP	2025-10-27T15:09:53.0411850Z   persist-credentials: true
build-and-test	UNKNOWN STEP	2025-10-27T15:09:53.0412515Z   clean: true
build-and-test	UNKNOWN STEP	2025-10-27T15:09:53.0412981Z   sparse-checkout-cone-mode: true
build-and-test	UNKNOWN STEP	2025-10-27T15:09:53.0413527Z   fetch-depth: 1
build-and-test	UNKNOWN STEP	2025-10-27T15:09:53.0413976Z   fetch-tags: false
build-and-test	UNKNOWN STEP	2025-10-27T15:09:53.0414442Z   show-progress: true
build-and-test	UNKNOWN STEP	2025-10-27T15:09:53.0414925Z   lfs: false
build-and-test	UNKNOWN STEP	2025-10-27T15:09:53.0415372Z   submodules: false
build-and-test	UNKNOWN STEP	2025-10-27T15:09:53.0415872Z   set-safe-directory: true
build-and-test	UNKNOWN STEP	2025-10-27T15:09:53.0417095Z ##[endgroup]
build-and-test	UNKNOWN STEP	2025-10-27T15:09:53.1548040Z Syncing repository: NeaBouli/1kUSD
build-and-test	UNKNOWN STEP	2025-10-27T15:09:53.1551099Z ##[group]Getting Git version info
build-and-test	UNKNOWN STEP	2025-10-27T15:09:53.1552630Z Working directory is '/home/runner/work/1kUSD/1kUSD'
build-and-test	UNKNOWN STEP	2025-10-27T15:09:53.1554654Z [command]/usr/bin/git version
build-and-test	UNKNOWN STEP	2025-10-27T15:09:53.1623429Z git version 2.51.0
build-and-test	UNKNOWN STEP	2025-10-27T15:09:53.1651110Z ##[endgroup]
build-and-test	UNKNOWN STEP	2025-10-27T15:09:53.1667757Z Temporarily overriding HOME='/home/runner/work/_temp/0b0d2c2d-3cb8-41d5-8bc3-197e9cd01481' before making global git config changes
build-and-test	UNKNOWN STEP	2025-10-27T15:09:53.1670606Z Adding repository directory to the temporary git global config as a safe directory
build-and-test	UNKNOWN STEP	2025-10-27T15:09:53.1681867Z [command]/usr/bin/git config --global --add safe.directory /home/runner/work/1kUSD/1kUSD
build-and-test	UNKNOWN STEP	2025-10-27T15:09:53.1719408Z Deleting the contents of '/home/runner/work/1kUSD/1kUSD'
build-and-test	UNKNOWN STEP	2025-10-27T15:09:53.1723783Z ##[group]Initializing the repository
build-and-test	UNKNOWN STEP	2025-10-27T15:09:53.1728555Z [command]/usr/bin/git init /home/runner/work/1kUSD/1kUSD
build-and-test	UNKNOWN STEP	2025-10-27T15:09:53.1829829Z hint: Using 'master' as the name for the initial branch. This default branch name
build-and-test	UNKNOWN STEP	2025-10-27T15:09:53.1831940Z hint: is subject to change. To configure the initial branch name to use in all
build-and-test	UNKNOWN STEP	2025-10-27T15:09:53.1834069Z hint: of your new repositories, which will suppress this warning, call:
build-and-test	UNKNOWN STEP	2025-10-27T15:09:53.1835372Z hint:
build-and-test	UNKNOWN STEP	2025-10-27T15:09:53.1836141Z hint: 	git config --global init.defaultBranch <name>
build-and-test	UNKNOWN STEP	2025-10-27T15:09:53.1837093Z hint:
build-and-test	UNKNOWN STEP	2025-10-27T15:09:53.1838099Z hint: Names commonly chosen instead of 'master' are 'main', 'trunk' and
build-and-test	UNKNOWN STEP	2025-10-27T15:09:53.1839119Z hint: 'development'. The just-created branch can be renamed via this command:
build-and-test	UNKNOWN STEP	2025-10-27T15:09:53.1839921Z hint:
build-and-test	UNKNOWN STEP	2025-10-27T15:09:53.1840715Z hint: 	git branch -m <name>
build-and-test	UNKNOWN STEP	2025-10-27T15:09:53.1841510Z hint:
build-and-test	UNKNOWN STEP	2025-10-27T15:09:53.1842178Z hint: Disable this message with "git config set advice.defaultBranchName false"
build-and-test	UNKNOWN STEP	2025-10-27T15:09:53.1843465Z Initialized empty Git repository in /home/runner/work/1kUSD/1kUSD/.git/
build-and-test	UNKNOWN STEP	2025-10-27T15:09:53.1846942Z [command]/usr/bin/git remote add origin https://github.com/NeaBouli/1kUSD
build-and-test	UNKNOWN STEP	2025-10-27T15:09:53.1885323Z ##[endgroup]
build-and-test	UNKNOWN STEP	2025-10-27T15:09:53.1886160Z ##[group]Disabling automatic garbage collection
build-and-test	UNKNOWN STEP	2025-10-27T15:09:53.1889560Z [command]/usr/bin/git config --local gc.auto 0
build-and-test	UNKNOWN STEP	2025-10-27T15:09:53.1917669Z ##[endgroup]
build-and-test	UNKNOWN STEP	2025-10-27T15:09:53.1918466Z ##[group]Setting up auth
build-and-test	UNKNOWN STEP	2025-10-27T15:09:53.1924710Z [command]/usr/bin/git config --local --name-only --get-regexp core\.sshCommand
build-and-test	UNKNOWN STEP	2025-10-27T15:09:53.1954094Z [command]/usr/bin/git submodule foreach --recursive sh -c "git config --local --name-only --get-regexp 'core\.sshCommand' && git config --local --unset-all 'core.sshCommand' || :"
build-and-test	UNKNOWN STEP	2025-10-27T15:09:53.2293959Z [command]/usr/bin/git config --local --name-only --get-regexp http\.https\:\/\/github\.com\/\.extraheader
build-and-test	UNKNOWN STEP	2025-10-27T15:09:53.2323821Z [command]/usr/bin/git submodule foreach --recursive sh -c "git config --local --name-only --get-regexp 'http\.https\:\/\/github\.com\/\.extraheader' && git config --local --unset-all 'http.https://github.com/.extraheader' || :"
build-and-test	UNKNOWN STEP	2025-10-27T15:09:53.2546614Z [command]/usr/bin/git config --local http.https://github.com/.extraheader AUTHORIZATION: basic ***
build-and-test	UNKNOWN STEP	2025-10-27T15:09:53.2590304Z ##[endgroup]
build-and-test	UNKNOWN STEP	2025-10-27T15:09:53.2591453Z ##[group]Fetching the repository
build-and-test	UNKNOWN STEP	2025-10-27T15:09:53.2599499Z [command]/usr/bin/git -c protocol.version=2 fetch --no-tags --prune --no-recurse-submodules --depth=1 origin +976b54d98889844c10d7603863067614085c2a06:refs/remotes/origin/main
build-and-test	UNKNOWN STEP	2025-10-27T15:09:53.7327591Z From https://github.com/NeaBouli/1kUSD
build-and-test	UNKNOWN STEP	2025-10-27T15:09:53.7328556Z  * [new ref]         976b54d98889844c10d7603863067614085c2a06 -> origin/main
build-and-test	UNKNOWN STEP	2025-10-27T15:09:53.7359238Z ##[endgroup]
build-and-test	UNKNOWN STEP	2025-10-27T15:09:53.7360059Z ##[group]Determining the checkout info
build-and-test	UNKNOWN STEP	2025-10-27T15:09:53.7361435Z ##[endgroup]
build-and-test	UNKNOWN STEP	2025-10-27T15:09:53.7367125Z [command]/usr/bin/git sparse-checkout disable
build-and-test	UNKNOWN STEP	2025-10-27T15:09:53.7408653Z [command]/usr/bin/git config --local --unset-all extensions.worktreeConfig
build-and-test	UNKNOWN STEP	2025-10-27T15:09:53.7436619Z ##[group]Checking out the ref
build-and-test	UNKNOWN STEP	2025-10-27T15:09:53.7440794Z [command]/usr/bin/git checkout --progress --force -B main refs/remotes/origin/main
build-and-test	UNKNOWN STEP	2025-10-27T15:09:53.7661648Z Switched to a new branch 'main'
build-and-test	UNKNOWN STEP	2025-10-27T15:09:53.7663944Z branch 'main' set up to track 'origin/main'.
build-and-test	UNKNOWN STEP	2025-10-27T15:09:53.7706460Z ##[endgroup]
build-and-test	UNKNOWN STEP	2025-10-27T15:09:53.7716499Z [command]/usr/bin/git log -1 --format=%H
build-and-test	UNKNOWN STEP	2025-10-27T15:09:53.7739885Z 976b54d98889844c10d7603863067614085c2a06
build-and-test	UNKNOWN STEP	2025-10-27T15:09:53.7973429Z ##[group]Run foundry-rs/foundry-toolchain@v1
build-and-test	UNKNOWN STEP	2025-10-27T15:09:53.7974034Z with:
build-and-test	UNKNOWN STEP	2025-10-27T15:09:53.7974466Z   version: nightly
build-and-test	UNKNOWN STEP	2025-10-27T15:09:53.7974871Z   cache: true
build-and-test	UNKNOWN STEP	2025-10-27T15:09:53.7975418Z   cache-key: build-and-test-976b54d98889844c10d7603863067614085c2a06
build-and-test	UNKNOWN STEP	2025-10-27T15:09:53.7976100Z   cache-restore-keys: build-and-test-
build-and-test	UNKNOWN STEP	2025-10-27T15:09:53.7976614Z ##[endgroup]
build-and-test	UNKNOWN STEP	2025-10-27T15:09:53.9565028Z Downloading Foundry 'nightly' from: https://github.com/foundry-rs/foundry/releases/download/nightly/foundry_nightly_linux_amd64.tar.gz
build-and-test	UNKNOWN STEP	2025-10-27T15:09:54.6888240Z [command]/usr/bin/tar xz --warning=no-unknown-keyword --overwrite -C /home/runner/work/_temp/141d607b-4745-4d47-8ae7-f2468957ffc4 -f /home/runner/work/_temp/11882840-bb1c-4665-bbda-7616279dacd6
build-and-test	UNKNOWN STEP	2025-10-27T15:09:55.9044777Z Primary key: linux-foundry-chain-fork-build-and-test-976b54d98889844c10d7603863067614085c2a06
build-and-test	UNKNOWN STEP	2025-10-27T15:09:55.9046238Z Restore keys: linux-foundry-chain-fork-build-and-test-
build-and-test	UNKNOWN STEP	2025-10-27T15:09:56.1439286Z Cache not found
build-and-test	UNKNOWN STEP	2025-10-27T15:09:56.1581618Z ##[group]Run forge install
build-and-test	UNKNOWN STEP	2025-10-27T15:09:56.1582006Z [36;1mforge install[0m
build-and-test	UNKNOWN STEP	2025-10-27T15:09:56.1582468Z [36;1mforge update[0m
build-and-test	UNKNOWN STEP	2025-10-27T15:09:56.1622468Z shell: /usr/bin/bash -e {0}
build-and-test	UNKNOWN STEP	2025-10-27T15:09:56.1622801Z ##[endgroup]
build-and-test	UNKNOWN STEP	2025-10-27T15:09:56.1737593Z Warning: This is a nightly build of Foundry. It is recommended to use the latest stable version. To mute this warning set `FOUNDRY_DISABLE_NIGHTLY_WARNING` in your environment. 
build-and-test	UNKNOWN STEP	2025-10-27T15:09:56.1738785Z 
build-and-test	UNKNOWN STEP	2025-10-27T15:09:56.2176232Z Submodule 'lib/forge-std' (https://github.com/foundry-rs/forge-std) registered for path 'lib/forge-std'
build-and-test	UNKNOWN STEP	2025-10-27T15:09:56.2199759Z Cloning into '/home/runner/work/1kUSD/1kUSD/lib/forge-std'...
build-and-test	UNKNOWN STEP	2025-10-27T15:09:56.6695052Z remote: Enumerating objects: 2386, done.        
build-and-test	UNKNOWN STEP	2025-10-27T15:09:56.6695874Z remote: Counting objects:   0% (1/1225)        
build-and-test	UNKNOWN STEP	2025-10-27T15:09:56.6696791Z remote: Counting objects:   1% (13/1225)        
build-and-test	UNKNOWN STEP	2025-10-27T15:09:56.6697447Z remote: Counting objects:   2% (25/1225)        
build-and-test	UNKNOWN STEP	2025-10-27T15:09:56.6697863Z remote: Counting objects:   3% (37/1225)        
build-and-test	UNKNOWN STEP	2025-10-27T15:09:56.6698192Z remote: Counting objects:   4% (49/1225)        
build-and-test	UNKNOWN STEP	2025-10-27T15:09:56.6698562Z remote: Counting objects:   5% (62/1225)        
build-and-test	UNKNOWN STEP	2025-10-27T15:09:56.6698876Z remote: Counting objects:   6% (74/1225)        
build-and-test	UNKNOWN STEP	2025-10-27T15:09:56.6699206Z remote: Counting objects:   7% (86/1225)        
build-and-test	UNKNOWN STEP	2025-10-27T15:09:56.6699521Z remote: Counting objects:   8% (98/1225)        
build-and-test	UNKNOWN STEP	2025-10-27T15:09:56.6699843Z remote: Counting objects:   9% (111/1225)        
build-and-test	UNKNOWN STEP	2025-10-27T15:09:56.6700184Z remote: Counting objects:  10% (123/1225)        
build-and-test	UNKNOWN STEP	2025-10-27T15:09:56.6700502Z remote: Counting objects:  11% (135/1225)        
build-and-test	UNKNOWN STEP	2025-10-27T15:09:56.6700829Z remote: Counting objects:  12% (147/1225)        
build-and-test	UNKNOWN STEP	2025-10-27T15:09:56.6701156Z remote: Counting objects:  13% (160/1225)        
build-and-test	UNKNOWN STEP	2025-10-27T15:09:56.6701484Z remote: Counting objects:  14% (172/1225)        
build-and-test	UNKNOWN STEP	2025-10-27T15:09:56.6701813Z remote: Counting objects:  15% (184/1225)        
build-and-test	UNKNOWN STEP	2025-10-27T15:09:56.6702166Z remote: Counting objects:  16% (196/1225)        
build-and-test	UNKNOWN STEP	2025-10-27T15:09:56.6702742Z remote: Counting objects:  17% (209/1225)        
build-and-test	UNKNOWN STEP	2025-10-27T15:09:56.6703110Z remote: Counting objects:  18% (221/1225)        
build-and-test	UNKNOWN STEP	2025-10-27T15:09:56.6703462Z remote: Counting objects:  19% (233/1225)        
build-and-test	UNKNOWN STEP	2025-10-27T15:09:56.6703795Z remote: Counting objects:  20% (245/1225)        
build-and-test	UNKNOWN STEP	2025-10-27T15:09:56.6704125Z remote: Counting objects:  21% (258/1225)        
build-and-test	UNKNOWN STEP	2025-10-27T15:09:56.6704442Z remote: Counting objects:  22% (270/1225)        
build-and-test	UNKNOWN STEP	2025-10-27T15:09:56.6704774Z remote: Counting objects:  23% (282/1225)        
build-and-test	UNKNOWN STEP	2025-10-27T15:09:56.6705093Z remote: Counting objects:  24% (294/1225)        
build-and-test	UNKNOWN STEP	2025-10-27T15:09:56.6705377Z remote: Counting objects:  25% (307/1225)        
build-and-test	UNKNOWN STEP	2025-10-27T15:09:56.6705631Z remote: Counting objects:  26% (319/1225)        
build-and-test	UNKNOWN STEP	2025-10-27T15:09:56.6705902Z remote: Counting objects:  27% (331/1225)        
build-and-test	UNKNOWN STEP	2025-10-27T15:09:56.6706170Z remote: Counting objects:  28% (343/1225)        
build-and-test	UNKNOWN STEP	2025-10-27T15:09:56.6706429Z remote: Counting objects:  29% (356/1225)        
build-and-test	UNKNOWN STEP	2025-10-27T15:09:56.6706686Z remote: Counting objects:  30% (368/1225)        
build-and-test	UNKNOWN STEP	2025-10-27T15:09:56.6706938Z remote: Counting objects:  31% (380/1225)        
build-and-test	UNKNOWN STEP	2025-10-27T15:09:56.6707198Z remote: Counting objects:  32% (392/1225)        
build-and-test	UNKNOWN STEP	2025-10-27T15:09:56.6707451Z remote: Counting objects:  33% (405/1225)        
build-and-test	UNKNOWN STEP	2025-10-27T15:09:56.6707709Z remote: Counting objects:  34% (417/1225)        
build-and-test	UNKNOWN STEP	2025-10-27T15:09:56.6707961Z remote: Counting objects:  35% (429/1225)        
build-and-test	UNKNOWN STEP	2025-10-27T15:09:56.6708217Z remote: Counting objects:  36% (441/1225)        
build-and-test	UNKNOWN STEP	2025-10-27T15:09:56.6708477Z remote: Counting objects:  37% (454/1225)        
build-and-test	UNKNOWN STEP	2025-10-27T15:09:56.6708736Z remote: Counting objects:  38% (466/1225)        
build-and-test	UNKNOWN STEP	2025-10-27T15:09:56.6708998Z remote: Counting objects:  39% (478/1225)        
build-and-test	UNKNOWN STEP	2025-10-27T15:09:56.6709252Z remote: Counting objects:  40% (490/1225)        
build-and-test	UNKNOWN STEP	2025-10-27T15:09:56.6709829Z remote: Counting objects:  41% (503/1225)        
build-and-test	UNKNOWN STEP	2025-10-27T15:09:56.6710232Z remote: Counting objects:  42% (515/1225)        
build-and-test	UNKNOWN STEP	2025-10-27T15:09:56.6710498Z remote: Counting objects:  43% (527/1225)        
build-and-test	UNKNOWN STEP	2025-10-27T15:09:56.6710764Z remote: Counting objects:  44% (539/1225)        
build-and-test	UNKNOWN STEP	2025-10-27T15:09:56.6711019Z remote: Counting objects:  45% (552/1225)        
build-and-test	UNKNOWN STEP	2025-10-27T15:09:56.6711279Z remote: Counting objects:  46% (564/1225)        
build-and-test	UNKNOWN STEP	2025-10-27T15:09:56.6711534Z remote: Counting objects:  47% (576/1225)        
build-and-test	UNKNOWN STEP	2025-10-27T15:09:56.6711795Z remote: Counting objects:  48% (588/1225)        
build-and-test	UNKNOWN STEP	2025-10-27T15:09:56.6712051Z remote: Counting objects:  49% (601/1225)        
build-and-test	UNKNOWN STEP	2025-10-27T15:09:56.6712506Z remote: Counting objects:  50% (613/1225)        
build-and-test	UNKNOWN STEP	2025-10-27T15:09:56.6712771Z remote: Counting objects:  51% (625/1225)        
build-and-test	UNKNOWN STEP	2025-10-27T15:09:56.6713033Z remote: Counting objects:  52% (637/1225)        
build-and-test	UNKNOWN STEP	2025-10-27T15:09:56.6713294Z remote: Counting objects:  53% (650/1225)        
build-and-test	UNKNOWN STEP	2025-10-27T15:09:56.6713556Z remote: Counting objects:  54% (662/1225)        
build-and-test	UNKNOWN STEP	2025-10-27T15:09:56.6713824Z remote: Counting objects:  55% (674/1225)        
build-and-test	UNKNOWN STEP	2025-10-27T15:09:56.6714088Z remote: Counting objects:  56% (686/1225)        
build-and-test	UNKNOWN STEP	2025-10-27T15:09:56.6714356Z remote: Counting objects:  57% (699/1225)        
build-and-test	UNKNOWN STEP	2025-10-27T15:09:56.6714613Z remote: Counting objects:  58% (711/1225)        
build-and-test	UNKNOWN STEP	2025-10-27T15:09:56.6714885Z remote: Counting objects:  59% (723/1225)        
build-and-test	UNKNOWN STEP	2025-10-27T15:09:56.6715141Z remote: Counting objects:  60% (735/1225)        
build-and-test	UNKNOWN STEP	2025-10-27T15:09:56.6715403Z remote: Counting objects:  61% (748/1225)        
build-and-test	UNKNOWN STEP	2025-10-27T15:09:56.6715869Z remote: Counting objects:  62% (760/1225)        
build-and-test	UNKNOWN STEP	2025-10-27T15:09:56.6716233Z remote: Counting objects:  63% (772/1225)        
build-and-test	UNKNOWN STEP	2025-10-27T15:09:56.6716521Z remote: Counting objects:  64% (784/1225)        
build-and-test	UNKNOWN STEP	2025-10-27T15:09:56.6716884Z remote: Counting objects:  65% (797/1225)        
build-and-test	UNKNOWN STEP	2025-10-27T15:09:56.6717140Z remote: Counting objects:  66% (809/1225)        
build-and-test	UNKNOWN STEP	2025-10-27T15:09:56.6717411Z remote: Counting objects:  67% (821/1225)        
build-and-test	UNKNOWN STEP	2025-10-27T15:09:56.6717669Z remote: Counting objects:  68% (833/1225)        
build-and-test	UNKNOWN STEP	2025-10-27T15:09:56.6717929Z remote: Counting objects:  69% (846/1225)        
build-and-test	UNKNOWN STEP	2025-10-27T15:09:56.6718192Z remote: Counting objects:  70% (858/1225)        
build-and-test	UNKNOWN STEP	2025-10-27T15:09:56.6718455Z remote: Counting objects:  71% (870/1225)        
build-and-test	UNKNOWN STEP	2025-10-27T15:09:56.6718711Z remote: Counting objects:  72% (882/1225)        
build-and-test	UNKNOWN STEP	2025-10-27T15:09:56.6718977Z remote: Counting objects:  73% (895/1225)        
build-and-test	UNKNOWN STEP	2025-10-27T15:09:56.6719236Z remote: Counting objects:  74% (907/1225)        
build-and-test	UNKNOWN STEP	2025-10-27T15:09:56.6719493Z remote: Counting objects:  75% (919/1225)        
build-and-test	UNKNOWN STEP	2025-10-27T15:09:56.6719754Z remote: Counting objects:  76% (931/1225)        
build-and-test	UNKNOWN STEP	2025-10-27T15:09:56.6720010Z remote: Counting objects:  77% (944/1225)        
build-and-test	UNKNOWN STEP	2025-10-27T15:09:56.6720271Z remote: Counting objects:  78% (956/1225)        
build-and-test	UNKNOWN STEP	2025-10-27T15:09:56.6736076Z remote: Counting objects:  79% (968/1225)        
build-and-test	UNKNOWN STEP	2025-10-27T15:09:56.6736615Z remote: Counting objects:  80% (980/1225)        
build-and-test	UNKNOWN STEP	2025-10-27T15:09:56.6737031Z remote: Counting objects:  81% (993/1225)        
build-and-test	UNKNOWN STEP	2025-10-27T15:09:56.6737320Z remote: Counting objects:  82% (1005/1225)        
build-and-test	UNKNOWN STEP	2025-10-27T15:09:56.6737606Z remote: Counting objects:  83% (1017/1225)        
build-and-test	UNKNOWN STEP	2025-10-27T15:09:56.6737870Z remote: Counting objects:  84% (1029/1225)        
build-and-test	UNKNOWN STEP	2025-10-27T15:09:56.6738141Z remote: Counting objects:  85% (1042/1225)        
build-and-test	UNKNOWN STEP	2025-10-27T15:09:56.6738417Z remote: Counting objects:  86% (1054/1225)        
build-and-test	UNKNOWN STEP	2025-10-27T15:09:56.6738701Z remote: Counting objects:  87% (1066/1225)        
build-and-test	UNKNOWN STEP	2025-10-27T15:09:56.6738973Z remote: Counting objects:  88% (1078/1225)        
build-and-test	UNKNOWN STEP	2025-10-27T15:09:56.6739251Z remote: Counting objects:  89% (1091/1225)        
build-and-test	UNKNOWN STEP	2025-10-27T15:09:56.6739525Z remote: Counting objects:  90% (1103/1225)        
build-and-test	UNKNOWN STEP	2025-10-27T15:09:56.6739789Z remote: Counting objects:  91% (1115/1225)        
build-and-test	UNKNOWN STEP	2025-10-27T15:09:56.6740057Z remote: Counting objects:  92% (1127/1225)        
build-and-test	UNKNOWN STEP	2025-10-27T15:09:56.6740518Z remote: Counting objects:  93% (1140/1225)        
build-and-test	UNKNOWN STEP	2025-10-27T15:09:56.6740910Z remote: Counting objects:  94% (1152/1225)        
build-and-test	UNKNOWN STEP	2025-10-27T15:09:56.6741172Z remote: Counting objects:  95% (1164/1225)        
build-and-test	UNKNOWN STEP	2025-10-27T15:09:56.6741441Z remote: Counting objects:  96% (1176/1225)        
build-and-test	UNKNOWN STEP	2025-10-27T15:09:56.6741718Z remote: Counting objects:  97% (1189/1225)        
build-and-test	UNKNOWN STEP	2025-10-27T15:09:56.6741980Z remote: Counting objects:  98% (1201/1225)        
build-and-test	UNKNOWN STEP	2025-10-27T15:09:56.6742494Z remote: Counting objects:  99% (1213/1225)        
build-and-test	UNKNOWN STEP	2025-10-27T15:09:56.6742801Z remote: Counting objects: 100% (1225/1225)        
build-and-test	UNKNOWN STEP	2025-10-27T15:09:56.6743105Z remote: Counting objects: 100% (1225/1225), done.        
build-and-test	UNKNOWN STEP	2025-10-27T15:09:56.6743436Z remote: Compressing objects:   0% (1/237)        
build-and-test	UNKNOWN STEP	2025-10-27T15:09:56.6743718Z remote: Compressing objects:   1% (3/237)        
build-and-test	UNKNOWN STEP	2025-10-27T15:09:56.6743989Z remote: Compressing objects:   2% (5/237)        
build-and-test	UNKNOWN STEP	2025-10-27T15:09:56.6744256Z remote: Compressing objects:   3% (8/237)        
build-and-test	UNKNOWN STEP	2025-10-27T15:09:56.6744544Z remote: Compressing objects:   4% (10/237)        
build-and-test	UNKNOWN STEP	2025-10-27T15:09:56.6744817Z remote: Compressing objects:   5% (12/237)        
build-and-test	UNKNOWN STEP	2025-10-27T15:09:56.6745094Z remote: Compressing objects:   6% (15/237)        
build-and-test	UNKNOWN STEP	2025-10-27T15:09:56.6745360Z remote: Compressing objects:   7% (17/237)        
build-and-test	UNKNOWN STEP	2025-10-27T15:09:56.6745632Z remote: Compressing objects:   8% (19/237)        
build-and-test	UNKNOWN STEP	2025-10-27T15:09:56.6745893Z remote: Compressing objects:   9% (22/237)        
build-and-test	UNKNOWN STEP	2025-10-27T15:09:56.7081734Z remote: Compressing objects:  10% (24/237)        
build-and-test	UNKNOWN STEP	2025-10-27T15:09:56.7082687Z remote: Compressing objects:  11% (27/237)        
build-and-test	UNKNOWN STEP	2025-10-27T15:09:56.7083408Z remote: Compressing objects:  12% (29/237)        
build-and-test	UNKNOWN STEP	2025-10-27T15:09:56.7083852Z remote: Compressing objects:  13% (31/237)        
build-and-test	UNKNOWN STEP	2025-10-27T15:09:56.7084297Z remote: Compressing objects:  14% (34/237)        
build-and-test	UNKNOWN STEP	2025-10-27T15:09:56.7084746Z remote: Compressing objects:  15% (36/237)        
build-and-test	UNKNOWN STEP	2025-10-27T15:09:56.7085184Z remote: Compressing objects:  16% (38/237)        
build-and-test	UNKNOWN STEP	2025-10-27T15:09:56.7085603Z remote: Compressing objects:  17% (41/237)        
build-and-test	UNKNOWN STEP	2025-10-27T15:09:56.7085959Z remote: Compressing objects:  18% (43/237)        
build-and-test	UNKNOWN STEP	2025-10-27T15:09:56.7086315Z remote: Compressing objects:  19% (46/237)        
build-and-test	UNKNOWN STEP	2025-10-27T15:09:56.7086668Z remote: Compressing objects:  20% (48/237)        
build-and-test	UNKNOWN STEP	2025-10-27T15:09:56.7087026Z remote: Compressing objects:  21% (50/237)        
build-and-test	UNKNOWN STEP	2025-10-27T15:09:56.7087400Z remote: Compressing objects:  22% (53/237)        
build-and-test	UNKNOWN STEP	2025-10-27T15:09:56.7087752Z remote: Compressing objects:  23% (55/237)        
build-and-test	UNKNOWN STEP	2025-10-27T15:09:56.7088201Z remote: Compressing objects:  24% (57/237)        
build-and-test	UNKNOWN STEP	2025-10-27T15:09:56.7088553Z remote: Compressing objects:  25% (60/237)        
build-and-test	UNKNOWN STEP	2025-10-27T15:09:56.7088910Z remote: Compressing objects:  26% (62/237)        
build-and-test	UNKNOWN STEP	2025-10-27T15:09:56.7089261Z remote: Compressing objects:  27% (64/237)        
build-and-test	UNKNOWN STEP	2025-10-27T15:09:56.7089618Z remote: Compressing objects:  28% (67/237)        
build-and-test	UNKNOWN STEP	2025-10-27T15:09:56.7089981Z remote: Compressing objects:  29% (69/237)        
build-and-test	UNKNOWN STEP	2025-10-27T15:09:56.7090338Z remote: Compressing objects:  30% (72/237)        
build-and-test	UNKNOWN STEP	2025-10-27T15:09:56.7246210Z remote: Compressing objects:  31% (74/237)        
build-and-test	UNKNOWN STEP	2025-10-27T15:09:56.7246927Z remote: Compressing objects:  32% (76/237)        
build-and-test	UNKNOWN STEP	2025-10-27T15:09:56.7247580Z remote: Compressing objects:  33% (79/237)        
build-and-test	UNKNOWN STEP	2025-10-27T15:09:56.7248222Z remote: Compressing objects:  34% (81/237)        
build-and-test	UNKNOWN STEP	2025-10-27T15:09:56.7248875Z remote: Compressing objects:  35% (83/237)        
build-and-test	UNKNOWN STEP	2025-10-27T15:09:56.7249516Z remote: Compressing objects:  36% (86/237)        
build-and-test	UNKNOWN STEP	2025-10-27T15:09:56.7250152Z remote: Compressing objects:  37% (88/237)        
build-and-test	UNKNOWN STEP	2025-10-27T15:09:56.7250689Z remote: Compressing objects:  38% (91/237)        
build-and-test	UNKNOWN STEP	2025-10-27T15:09:56.7251099Z remote: Compressing objects:  39% (93/237)        
build-and-test	UNKNOWN STEP	2025-10-27T15:09:56.7251515Z remote: Compressing objects:  40% (95/237)        
build-and-test	UNKNOWN STEP	2025-10-27T15:09:56.7251927Z remote: Compressing objects:  41% (98/237)        
build-and-test	UNKNOWN STEP	2025-10-27T15:09:56.7252851Z remote: Compressing objects:  42% (100/237)        
build-and-test	UNKNOWN STEP	2025-10-27T15:09:56.7253415Z remote: Compressing objects:  43% (102/237)        
build-and-test	UNKNOWN STEP	2025-10-27T15:09:56.7253837Z remote: Compressing objects:  44% (105/237)        
build-and-test	UNKNOWN STEP	2025-10-27T15:09:56.7254253Z remote: Compressing objects:  45% (107/237)        
build-and-test	UNKNOWN STEP	2025-10-27T15:09:56.7254665Z remote: Compressing objects:  46% (110/237)        
build-and-test	UNKNOWN STEP	2025-10-27T15:09:56.7255079Z remote: Compressing objects:  47% (112/237)        
build-and-test	UNKNOWN STEP	2025-10-27T15:09:56.7255493Z remote: Compressing objects:  48% (114/237)        
build-and-test	UNKNOWN STEP	2025-10-27T15:09:56.7255826Z remote: Compressing objects:  49% (117/237)        
build-and-test	UNKNOWN STEP	2025-10-27T15:09:56.7258546Z remote: Compressing objects:  50% (119/237)        
build-and-test	UNKNOWN STEP	2025-10-27T15:09:56.7259113Z remote: Compressing objects:  51% (121/237)        
build-and-test	UNKNOWN STEP	2025-10-27T15:09:56.7259631Z remote: Compressing objects:  52% (124/237)        
build-and-test	UNKNOWN STEP	2025-10-27T15:09:56.7259980Z remote: Compressing objects:  53% (126/237)        
build-and-test	UNKNOWN STEP	2025-10-27T15:09:56.7260317Z remote: Compressing objects:  54% (128/237)        
build-and-test	UNKNOWN STEP	2025-10-27T15:09:56.7260664Z remote: Compressing objects:  55% (131/237)        
build-and-test	UNKNOWN STEP	2025-10-27T15:09:56.7260991Z remote: Compressing objects:  56% (133/237)        
build-and-test	UNKNOWN STEP	2025-10-27T15:09:56.7261361Z remote: Compressing objects:  57% (136/237)        
build-and-test	UNKNOWN STEP	2025-10-27T15:09:56.7261685Z remote: Compressing objects:  58% (138/237)        
build-and-test	UNKNOWN STEP	2025-10-27T15:09:56.7262018Z remote: Compressing objects:  59% (140/237)        
build-and-test	UNKNOWN STEP	2025-10-27T15:09:56.7262576Z remote: Compressing objects:  60% (143/237)        
build-and-test	UNKNOWN STEP	2025-10-27T15:09:56.7262907Z remote: Compressing objects:  61% (145/237)        
build-and-test	UNKNOWN STEP	2025-10-27T15:09:56.7263238Z remote: Compressing objects:  62% (147/237)        
build-and-test	UNKNOWN STEP	2025-10-27T15:09:56.7263564Z remote: Compressing objects:  63% (150/237)        
build-and-test	UNKNOWN STEP	2025-10-27T15:09:56.7263899Z remote: Compressing objects:  64% (152/237)        
build-and-test	UNKNOWN STEP	2025-10-27T15:09:56.7264246Z remote: Compressing objects:  65% (155/237)        
build-and-test	UNKNOWN STEP	2025-10-27T15:09:56.7264583Z remote: Compressing objects:  66% (157/237)        
build-and-test	UNKNOWN STEP	2025-10-27T15:09:56.7264918Z remote: Compressing objects:  67% (159/237)        
build-and-test	UNKNOWN STEP	2025-10-27T15:09:56.7265254Z remote: Compressing objects:  68% (162/237)        
build-and-test	UNKNOWN STEP	2025-10-27T15:09:56.7265588Z remote: Compressing objects:  69% (164/237)        
build-and-test	UNKNOWN STEP	2025-10-27T15:09:56.7265921Z remote: Compressing objects:  70% (166/237)        
build-and-test	UNKNOWN STEP	2025-10-27T15:09:56.7266221Z remote: Compressing objects:  71% (169/237)        
build-and-test	UNKNOWN STEP	2025-10-27T15:09:56.7266481Z remote: Compressing objects:  72% (171/237)        
build-and-test	UNKNOWN STEP	2025-10-27T15:09:56.7266759Z remote: Compressing objects:  73% (174/237)        
build-and-test	UNKNOWN STEP	2025-10-27T15:09:56.7267028Z remote: Compressing objects:  74% (176/237)        
build-and-test	UNKNOWN STEP	2025-10-27T15:09:56.7267345Z remote: Compressing objects:  75% (178/237)        
build-and-test	UNKNOWN STEP	2025-10-27T15:09:56.7267785Z remote: Compressing objects:  76% (181/237)        
build-and-test	UNKNOWN STEP	2025-10-27T15:09:56.7268232Z remote: Compressing objects:  77% (183/237)        
build-and-test	UNKNOWN STEP	2025-10-27T15:09:56.7268730Z remote: Compressing objects:  78% (185/237)        
build-and-test	UNKNOWN STEP	2025-10-27T15:09:56.7269232Z remote: Compressing objects:  79% (188/237)        
build-and-test	UNKNOWN STEP	2025-10-27T15:09:56.7269715Z remote: Compressing objects:  80% (190/237)        
build-and-test	UNKNOWN STEP	2025-10-27T15:09:56.7270183Z remote: Compressing objects:  81% (192/237)        
build-and-test	UNKNOWN STEP	2025-10-27T15:09:56.7270456Z remote: Compressing objects:  82% (195/237)        
build-and-test	UNKNOWN STEP	2025-10-27T15:09:56.7270763Z remote: Compressing objects:  83% (197/237)        
build-and-test	UNKNOWN STEP	2025-10-27T15:09:56.7271032Z remote: Compressing objects:  84% (200/237)        
build-and-test	UNKNOWN STEP	2025-10-27T15:09:56.7271299Z remote: Compressing objects:  85% (202/237)        
build-and-test	UNKNOWN STEP	2025-10-27T15:09:56.7271557Z remote: Compressing objects:  86% (204/237)        
build-and-test	UNKNOWN STEP	2025-10-27T15:09:56.7271940Z remote: Compressing objects:  87% (207/237)        
build-and-test	UNKNOWN STEP	2025-10-27T15:09:56.7272519Z remote: Compressing objects:  88% (209/237)        
build-and-test	UNKNOWN STEP	2025-10-27T15:09:56.7273015Z remote: Compressing objects:  89% (211/237)        
build-and-test	UNKNOWN STEP	2025-10-27T15:09:56.7273323Z remote: Compressing objects:  90% (214/237)        
build-and-test	UNKNOWN STEP	2025-10-27T15:09:56.7273592Z remote: Compressing objects:  91% (216/237)        
build-and-test	UNKNOWN STEP	2025-10-27T15:09:56.7273871Z remote: Compressing objects:  92% (219/237)        
build-and-test	UNKNOWN STEP	2025-10-27T15:09:56.7274413Z remote: Compressing objects:  93% (221/237)        
build-and-test	UNKNOWN STEP	2025-10-27T15:09:56.7274834Z remote: Compressing objects:  94% (223/237)        
build-and-test	UNKNOWN STEP	2025-10-27T15:09:56.7275150Z remote: Compressing objects:  95% (226/237)        
build-and-test	UNKNOWN STEP	2025-10-27T15:09:56.7275417Z remote: Compressing objects:  96% (228/237)        
build-and-test	UNKNOWN STEP	2025-10-27T15:09:56.7275693Z remote: Compressing objects:  97% (230/237)        
build-and-test	UNKNOWN STEP	2025-10-27T15:09:56.7275955Z remote: Compressing objects:  98% (233/237)        
build-and-test	UNKNOWN STEP	2025-10-27T15:09:56.7276222Z remote: Compressing objects:  99% (235/237)        
build-and-test	UNKNOWN STEP	2025-10-27T15:09:56.7276491Z remote: Compressing objects: 100% (237/237)        
build-and-test	UNKNOWN STEP	2025-10-27T15:09:56.7276783Z remote: Compressing objects: 100% (237/237), done.        
build-and-test	UNKNOWN STEP	2025-10-27T15:09:56.7459773Z Receiving objects:   0% (1/2386)
build-and-test	UNKNOWN STEP	2025-10-27T15:09:56.7638141Z Receiving objects:   1% (24/2386)
build-and-test	UNKNOWN STEP	2025-10-27T15:09:56.7643242Z Receiving objects:   2% (48/2386)
build-and-test	UNKNOWN STEP	2025-10-27T15:09:56.7648952Z Receiving objects:   3% (72/2386)
build-and-test	UNKNOWN STEP	2025-10-27T15:09:56.7812682Z Receiving objects:   4% (96/2386)
build-and-test	UNKNOWN STEP	2025-10-27T15:09:56.7825085Z Receiving objects:   5% (120/2386)
build-and-test	UNKNOWN STEP	2025-10-27T15:09:56.7831313Z Receiving objects:   6% (144/2386)
build-and-test	UNKNOWN STEP	2025-10-27T15:09:56.7835698Z Receiving objects:   7% (168/2386)
build-and-test	UNKNOWN STEP	2025-10-27T15:09:56.7840184Z Receiving objects:   8% (191/2386)
build-and-test	UNKNOWN STEP	2025-10-27T15:09:56.7844693Z Receiving objects:   9% (215/2386)
build-and-test	UNKNOWN STEP	2025-10-27T15:09:56.7849614Z Receiving objects:  10% (239/2386)
build-and-test	UNKNOWN STEP	2025-10-27T15:09:56.7999106Z Receiving objects:  11% (263/2386)
build-and-test	UNKNOWN STEP	2025-10-27T15:09:56.8004113Z Receiving objects:  12% (287/2386)
build-and-test	UNKNOWN STEP	2025-10-27T15:09:56.8010245Z Receiving objects:  13% (311/2386)
build-and-test	UNKNOWN STEP	2025-10-27T15:09:56.8016714Z Receiving objects:  14% (335/2386)
build-and-test	UNKNOWN STEP	2025-10-27T15:09:56.8022612Z Receiving objects:  15% (358/2386)
build-and-test	UNKNOWN STEP	2025-10-27T15:09:56.8026500Z Receiving objects:  16% (382/2386)
build-and-test	UNKNOWN STEP	2025-10-27T15:09:56.8028824Z Receiving objects:  17% (406/2386)
build-and-test	UNKNOWN STEP	2025-10-27T15:09:56.8050359Z Receiving objects:  18% (430/2386)
build-and-test	UNKNOWN STEP	2025-10-27T15:09:56.8054535Z Receiving objects:  19% (454/2386)
build-and-test	UNKNOWN STEP	2025-10-27T15:09:56.8057248Z Receiving objects:  20% (478/2386)
build-and-test	UNKNOWN STEP	2025-10-27T15:09:56.8057999Z Receiving objects:  21% (502/2386)
build-and-test	UNKNOWN STEP	2025-10-27T15:09:56.8058885Z Receiving objects:  22% (525/2386)
build-and-test	UNKNOWN STEP	2025-10-27T15:09:56.8059817Z Receiving objects:  23% (549/2386)
build-and-test	UNKNOWN STEP	2025-10-27T15:09:56.8060983Z Receiving objects:  24% (573/2386)
build-and-test	UNKNOWN STEP	2025-10-27T15:09:56.8065006Z Receiving objects:  25% (597/2386)
build-and-test	UNKNOWN STEP	2025-10-27T15:09:56.8065481Z Receiving objects:  26% (621/2386)
build-and-test	UNKNOWN STEP	2025-10-27T15:09:56.8066529Z Receiving objects:  27% (645/2386)
build-and-test	UNKNOWN STEP	2025-10-27T15:09:56.8066926Z Receiving objects:  28% (669/2386)
build-and-test	UNKNOWN STEP	2025-10-27T15:09:56.8068666Z Receiving objects:  29% (692/2386)
build-and-test	UNKNOWN STEP	2025-10-27T15:09:56.8069429Z Receiving objects:  30% (716/2386)
build-and-test	UNKNOWN STEP	2025-10-27T15:09:56.8070228Z Receiving objects:  31% (740/2386)
build-and-test	UNKNOWN STEP	2025-10-27T15:09:56.8070828Z Receiving objects:  32% (764/2386)
build-and-test	UNKNOWN STEP	2025-10-27T15:09:56.8071854Z Receiving objects:  33% (788/2386)
build-and-test	UNKNOWN STEP	2025-10-27T15:09:56.8072462Z Receiving objects:  34% (812/2386)
build-and-test	UNKNOWN STEP	2025-10-27T15:09:56.8073027Z Receiving objects:  35% (836/2386)
build-and-test	UNKNOWN STEP	2025-10-27T15:09:56.8073740Z Receiving objects:  36% (859/2386)
build-and-test	UNKNOWN STEP	2025-10-27T15:09:56.8074376Z Receiving objects:  37% (883/2386)
build-and-test	UNKNOWN STEP	2025-10-27T15:09:56.8075379Z Receiving objects:  38% (907/2386)
build-and-test	UNKNOWN STEP	2025-10-27T15:09:56.8075979Z Receiving objects:  39% (931/2386)
build-and-test	UNKNOWN STEP	2025-10-27T15:09:56.8077002Z Receiving objects:  40% (955/2386)
build-and-test	UNKNOWN STEP	2025-10-27T15:09:56.8077443Z Receiving objects:  41% (979/2386)
build-and-test	UNKNOWN STEP	2025-10-27T15:09:56.8078405Z Receiving objects:  42% (1003/2386)
build-and-test	UNKNOWN STEP	2025-10-27T15:09:56.8080746Z Receiving objects:  43% (1026/2386)
build-and-test	UNKNOWN STEP	2025-10-27T15:09:56.8084945Z Receiving objects:  44% (1050/2386)
build-and-test	UNKNOWN STEP	2025-10-27T15:09:56.8088678Z Receiving objects:  45% (1074/2386)
build-and-test	UNKNOWN STEP	2025-10-27T15:09:56.8182830Z Receiving objects:  46% (1098/2386)
build-and-test	UNKNOWN STEP	2025-10-27T15:09:56.8192613Z Receiving objects:  47% (1122/2386)
build-and-test	UNKNOWN STEP	2025-10-27T15:09:56.8211325Z Receiving objects:  48% (1146/2386)
build-and-test	UNKNOWN STEP	2025-10-27T15:09:56.8213575Z Receiving objects:  49% (1170/2386)
build-and-test	UNKNOWN STEP	2025-10-27T15:09:56.8214450Z Receiving objects:  50% (1193/2386)
build-and-test	UNKNOWN STEP	2025-10-27T15:09:56.8214854Z Receiving objects:  51% (1217/2386)
build-and-test	UNKNOWN STEP	2025-10-27T15:09:56.8215483Z Receiving objects:  52% (1241/2386)
build-and-test	UNKNOWN STEP	2025-10-27T15:09:56.8216052Z Receiving objects:  53% (1265/2386)
build-and-test	UNKNOWN STEP	2025-10-27T15:09:56.8216441Z Receiving objects:  54% (1289/2386)
build-and-test	UNKNOWN STEP	2025-10-27T15:09:56.8216820Z Receiving objects:  55% (1313/2386)
build-and-test	UNKNOWN STEP	2025-10-27T15:09:56.8217184Z Receiving objects:  56% (1337/2386)
build-and-test	UNKNOWN STEP	2025-10-27T15:09:56.8217565Z Receiving objects:  57% (1361/2386)
build-and-test	UNKNOWN STEP	2025-10-27T15:09:56.8217942Z Receiving objects:  58% (1384/2386)
build-and-test	UNKNOWN STEP	2025-10-27T15:09:56.8218313Z Receiving objects:  59% (1408/2386)
build-and-test	UNKNOWN STEP	2025-10-27T15:09:56.8218684Z Receiving objects:  60% (1432/2386)
build-and-test	UNKNOWN STEP	2025-10-27T15:09:56.8219065Z Receiving objects:  61% (1456/2386)
build-and-test	UNKNOWN STEP	2025-10-27T15:09:56.8219428Z Receiving objects:  62% (1480/2386)
build-and-test	UNKNOWN STEP	2025-10-27T15:09:56.8219799Z Receiving objects:  63% (1504/2386)
build-and-test	UNKNOWN STEP	2025-10-27T15:09:56.8220196Z Receiving objects:  64% (1528/2386)
build-and-test	UNKNOWN STEP	2025-10-27T15:09:56.8220554Z Receiving objects:  65% (1551/2386)
build-and-test	UNKNOWN STEP	2025-10-27T15:09:56.8220978Z Receiving objects:  66% (1575/2386)
build-and-test	UNKNOWN STEP	2025-10-27T15:09:56.8221373Z Receiving objects:  67% (1599/2386)
build-and-test	UNKNOWN STEP	2025-10-27T15:09:56.8221763Z Receiving objects:  68% (1623/2386)
build-and-test	UNKNOWN STEP	2025-10-27T15:09:56.8222643Z Receiving objects:  69% (1647/2386)
build-and-test	UNKNOWN STEP	2025-10-27T15:09:56.8223145Z Receiving objects:  70% (1671/2386)
build-and-test	UNKNOWN STEP	2025-10-27T15:09:56.8223540Z Receiving objects:  71% (1695/2386)
build-and-test	UNKNOWN STEP	2025-10-27T15:09:56.8231102Z Receiving objects:  72% (1718/2386)
build-and-test	UNKNOWN STEP	2025-10-27T15:09:56.8247010Z Receiving objects:  73% (1742/2386)
build-and-test	UNKNOWN STEP	2025-10-27T15:09:56.8257945Z Receiving objects:  74% (1766/2386)
build-and-test	UNKNOWN STEP	2025-10-27T15:09:56.8267977Z Receiving objects:  75% (1790/2386)
build-and-test	UNKNOWN STEP	2025-10-27T15:09:56.8278025Z Receiving objects:  76% (1814/2386)
build-and-test	UNKNOWN STEP	2025-10-27T15:09:56.8284724Z Receiving objects:  77% (1838/2386)
build-and-test	UNKNOWN STEP	2025-10-27T15:09:56.8286872Z Receiving objects:  78% (1862/2386)
build-and-test	UNKNOWN STEP	2025-10-27T15:09:56.8293238Z Receiving objects:  79% (1885/2386)
build-and-test	UNKNOWN STEP	2025-10-27T15:09:56.8297389Z Receiving objects:  80% (1909/2386)
build-and-test	UNKNOWN STEP	2025-10-27T15:09:56.8302835Z Receiving objects:  81% (1933/2386)
build-and-test	UNKNOWN STEP	2025-10-27T15:09:56.8304690Z Receiving objects:  82% (1957/2386)
build-and-test	UNKNOWN STEP	2025-10-27T15:09:56.8306790Z Receiving objects:  83% (1981/2386)
build-and-test	UNKNOWN STEP	2025-10-27T15:09:56.8307897Z Receiving objects:  84% (2005/2386)
build-and-test	UNKNOWN STEP	2025-10-27T15:09:56.8311184Z Receiving objects:  85% (2029/2386)
build-and-test	UNKNOWN STEP	2025-10-27T15:09:56.8312948Z Receiving objects:  86% (2052/2386)
build-and-test	UNKNOWN STEP	2025-10-27T15:09:56.8316818Z Receiving objects:  87% (2076/2386)
build-and-test	UNKNOWN STEP	2025-10-27T15:09:56.8319645Z Receiving objects:  88% (2100/2386)
build-and-test	UNKNOWN STEP	2025-10-27T15:09:56.8320312Z Receiving objects:  89% (2124/2386)
build-and-test	UNKNOWN STEP	2025-10-27T15:09:56.8324183Z Receiving objects:  90% (2148/2386)
build-and-test	UNKNOWN STEP	2025-10-27T15:09:56.8324839Z Receiving objects:  91% (2172/2386)
build-and-test	UNKNOWN STEP	2025-10-27T15:09:56.8326598Z Receiving objects:  92% (2196/2386)
build-and-test	UNKNOWN STEP	2025-10-27T15:09:56.8331451Z Receiving objects:  93% (2219/2386)
build-and-test	UNKNOWN STEP	2025-10-27T15:09:56.8335354Z Receiving objects:  94% (2243/2386)
build-and-test	UNKNOWN STEP	2025-10-27T15:09:56.8338446Z Receiving objects:  95% (2267/2386)
build-and-test	UNKNOWN STEP	2025-10-27T15:09:56.8342896Z Receiving objects:  96% (2291/2386)
build-and-test	UNKNOWN STEP	2025-10-27T15:09:56.8344493Z remote: Total 2386 (delta 1098), reused 1017 (delta 985), pack-reused 1161 (from 3)        
build-and-test	UNKNOWN STEP	2025-10-27T15:09:56.8375110Z Receiving objects:  97% (2315/2386)
build-and-test	UNKNOWN STEP	2025-10-27T15:09:56.8376176Z Receiving objects:  98% (2339/2386)
build-and-test	UNKNOWN STEP	2025-10-27T15:09:56.8376573Z Receiving objects:  99% (2363/2386)
build-and-test	UNKNOWN STEP	2025-10-27T15:09:56.8376930Z Receiving objects: 100% (2386/2386)
build-and-test	UNKNOWN STEP	2025-10-27T15:09:56.8377325Z Receiving objects: 100% (2386/2386), 838.87 KiB | 7.49 MiB/s, done.
build-and-test	UNKNOWN STEP	2025-10-27T15:09:56.8393694Z Resolving deltas:   0% (0/1585)
build-and-test	UNKNOWN STEP	2025-10-27T15:09:56.8396594Z Resolving deltas:   1% (16/1585)
build-and-test	UNKNOWN STEP	2025-10-27T15:09:56.8397115Z Resolving deltas:   2% (32/1585)
build-and-test	UNKNOWN STEP	2025-10-27T15:09:56.8400744Z Resolving deltas:   3% (48/1585)
build-and-test	UNKNOWN STEP	2025-10-27T15:09:56.8407463Z Resolving deltas:   4% (64/1585)
build-and-test	UNKNOWN STEP	2025-10-27T15:09:56.8409673Z Resolving deltas:   5% (80/1585)
build-and-test	UNKNOWN STEP	2025-10-27T15:09:56.8411759Z Resolving deltas:   6% (96/1585)
build-and-test	UNKNOWN STEP	2025-10-27T15:09:56.8412705Z Resolving deltas:   7% (111/1585)
build-and-test	UNKNOWN STEP	2025-10-27T15:09:56.8413380Z Resolving deltas:   8% (127/1585)
build-and-test	UNKNOWN STEP	2025-10-27T15:09:56.8419248Z Resolving deltas:   9% (143/1585)
build-and-test	UNKNOWN STEP	2025-10-27T15:09:56.8425504Z Resolving deltas:  10% (159/1585)
build-and-test	UNKNOWN STEP	2025-10-27T15:09:56.8426368Z Resolving deltas:  11% (175/1585)
build-and-test	UNKNOWN STEP	2025-10-27T15:09:56.8445184Z Resolving deltas:  12% (191/1585)
build-and-test	UNKNOWN STEP	2025-10-27T15:09:56.8446063Z Resolving deltas:  13% (207/1585)
build-and-test	UNKNOWN STEP	2025-10-27T15:09:56.8446636Z Resolving deltas:  14% (222/1585)
build-and-test	UNKNOWN STEP	2025-10-27T15:09:56.8447222Z Resolving deltas:  15% (238/1585)
build-and-test	UNKNOWN STEP	2025-10-27T15:09:56.8448865Z Resolving deltas:  16% (254/1585)
build-and-test	UNKNOWN STEP	2025-10-27T15:09:56.8450215Z Resolving deltas:  17% (270/1585)
build-and-test	UNKNOWN STEP	2025-10-27T15:09:56.8451379Z Resolving deltas:  18% (286/1585)
build-and-test	UNKNOWN STEP	2025-10-27T15:09:56.8452779Z Resolving deltas:  19% (302/1585)
build-and-test	UNKNOWN STEP	2025-10-27T15:09:56.8455642Z Resolving deltas:  20% (317/1585)
build-and-test	UNKNOWN STEP	2025-10-27T15:09:56.8460400Z Resolving deltas:  21% (333/1585)
build-and-test	UNKNOWN STEP	2025-10-27T15:09:56.8464162Z Resolving deltas:  22% (349/1585)
build-and-test	UNKNOWN STEP	2025-10-27T15:09:56.8465604Z Resolving deltas:  23% (365/1585)
build-and-test	UNKNOWN STEP	2025-10-27T15:09:56.8465999Z Resolving deltas:  24% (381/1585)
build-and-test	UNKNOWN STEP	2025-10-27T15:09:56.8466387Z Resolving deltas:  25% (397/1585)
build-and-test	UNKNOWN STEP	2025-10-27T15:09:56.8466746Z Resolving deltas:  26% (413/1585)
build-and-test	UNKNOWN STEP	2025-10-27T15:09:56.8467119Z Resolving deltas:  27% (428/1585)
build-and-test	UNKNOWN STEP	2025-10-27T15:09:56.8467781Z Resolving deltas:  28% (444/1585)
build-and-test	UNKNOWN STEP	2025-10-27T15:09:56.8469136Z Resolving deltas:  29% (460/1585)
build-and-test	UNKNOWN STEP	2025-10-27T15:09:56.8473056Z Resolving deltas:  30% (476/1585)
build-and-test	UNKNOWN STEP	2025-10-27T15:09:56.8473673Z Resolving deltas:  31% (492/1585)
build-and-test	UNKNOWN STEP	2025-10-27T15:09:56.8478049Z Resolving deltas:  32% (508/1585)
build-and-test	UNKNOWN STEP	2025-10-27T15:09:56.8479840Z Resolving deltas:  33% (524/1585)
build-and-test	UNKNOWN STEP	2025-10-27T15:09:56.8485507Z Resolving deltas:  34% (539/1585)
build-and-test	UNKNOWN STEP	2025-10-27T15:09:56.8485908Z Resolving deltas:  35% (555/1585)
build-and-test	UNKNOWN STEP	2025-10-27T15:09:56.8487025Z Resolving deltas:  36% (571/1585)
build-and-test	UNKNOWN STEP	2025-10-27T15:09:56.8488164Z Resolving deltas:  37% (587/1585)
build-and-test	UNKNOWN STEP	2025-10-27T15:09:56.8488766Z Resolving deltas:  38% (603/1585)
build-and-test	UNKNOWN STEP	2025-10-27T15:09:56.8490094Z Resolving deltas:  39% (619/1585)
build-and-test	UNKNOWN STEP	2025-10-27T15:09:56.8491566Z Resolving deltas:  40% (634/1585)
build-and-test	UNKNOWN STEP	2025-10-27T15:09:56.8493432Z Resolving deltas:  41% (650/1585)
build-and-test	UNKNOWN STEP	2025-10-27T15:09:56.8495340Z Resolving deltas:  42% (666/1585)
build-and-test	UNKNOWN STEP	2025-10-27T15:09:56.8496055Z Resolving deltas:  43% (682/1585)
build-and-test	UNKNOWN STEP	2025-10-27T15:09:56.8497665Z Resolving deltas:  44% (698/1585)
build-and-test	UNKNOWN STEP	2025-10-27T15:09:56.8498067Z Resolving deltas:  45% (714/1585)
build-and-test	UNKNOWN STEP	2025-10-27T15:09:56.8499261Z Resolving deltas:  46% (730/1585)
build-and-test	UNKNOWN STEP	2025-10-27T15:09:56.8500475Z Resolving deltas:  47% (745/1585)
build-and-test	UNKNOWN STEP	2025-10-27T15:09:56.8503825Z Resolving deltas:  48% (761/1585)
build-and-test	UNKNOWN STEP	2025-10-27T15:09:56.8506794Z Resolving deltas:  49% (777/1585)
build-and-test	UNKNOWN STEP	2025-10-27T15:09:56.8507212Z Resolving deltas:  50% (794/1585)
build-and-test	UNKNOWN STEP	2025-10-27T15:09:56.8507589Z Resolving deltas:  51% (809/1585)
build-and-test	UNKNOWN STEP	2025-10-27T15:09:56.8507977Z Resolving deltas:  52% (825/1585)
build-and-test	UNKNOWN STEP	2025-10-27T15:09:56.8508368Z Resolving deltas:  53% (841/1585)
build-and-test	UNKNOWN STEP	2025-10-27T15:09:56.8508743Z Resolving deltas:  54% (856/1585)
build-and-test	UNKNOWN STEP	2025-10-27T15:09:56.8511350Z Resolving deltas:  55% (872/1585)
build-and-test	UNKNOWN STEP	2025-10-27T15:09:56.8511747Z Resolving deltas:  56% (888/1585)
build-and-test	UNKNOWN STEP	2025-10-27T15:09:56.8512126Z Resolving deltas:  57% (904/1585)
build-and-test	UNKNOWN STEP	2025-10-27T15:09:56.8512898Z Resolving deltas:  58% (920/1585)
build-and-test	UNKNOWN STEP	2025-10-27T15:09:56.8514154Z Resolving deltas:  59% (936/1585)
build-and-test	UNKNOWN STEP	2025-10-27T15:09:56.8515021Z Resolving deltas:  60% (951/1585)
build-and-test	UNKNOWN STEP	2025-10-27T15:09:56.8516202Z Resolving deltas:  61% (967/1585)
build-and-test	UNKNOWN STEP	2025-10-27T15:09:56.8517076Z Resolving deltas:  62% (983/1585)
build-and-test	UNKNOWN STEP	2025-10-27T15:09:56.8518509Z Resolving deltas:  63% (999/1585)
build-and-test	UNKNOWN STEP	2025-10-27T15:09:56.8519567Z Resolving deltas:  64% (1015/1585)
build-and-test	UNKNOWN STEP	2025-10-27T15:09:56.8520938Z Resolving deltas:  65% (1031/1585)
build-and-test	UNKNOWN STEP	2025-10-27T15:09:56.8524684Z Resolving deltas:  66% (1047/1585)
build-and-test	UNKNOWN STEP	2025-10-27T15:09:56.8531606Z Resolving deltas:  67% (1062/1585)
build-and-test	UNKNOWN STEP	2025-10-27T15:09:56.8532050Z Resolving deltas:  68% (1078/1585)
build-and-test	UNKNOWN STEP	2025-10-27T15:09:56.8533930Z Resolving deltas:  69% (1094/1585)
build-and-test	UNKNOWN STEP	2025-10-27T15:09:56.8537854Z Resolving deltas:  70% (1110/1585)
build-and-test	UNKNOWN STEP	2025-10-27T15:09:56.8538327Z Resolving deltas:  71% (1126/1585)
build-and-test	UNKNOWN STEP	2025-10-27T15:09:56.8568153Z Resolving deltas:  72% (1142/1585)
build-and-test	UNKNOWN STEP	2025-10-27T15:09:56.8587019Z Resolving deltas:  73% (1158/1585)
build-and-test	UNKNOWN STEP	2025-10-27T15:09:56.8594623Z Resolving deltas:  74% (1173/1585)
build-and-test	UNKNOWN STEP	2025-10-27T15:09:56.8595169Z Resolving deltas:  75% (1189/1585)
build-and-test	UNKNOWN STEP	2025-10-27T15:09:56.8603626Z Resolving deltas:  76% (1205/1585)
build-and-test	UNKNOWN STEP	2025-10-27T15:09:56.8609691Z Resolving deltas:  77% (1221/1585)
build-and-test	UNKNOWN STEP	2025-10-27T15:09:56.8624161Z Resolving deltas:  78% (1237/1585)
build-and-test	UNKNOWN STEP	2025-10-27T15:09:56.8639027Z Resolving deltas:  79% (1253/1585)
build-and-test	UNKNOWN STEP	2025-10-27T15:09:56.8656417Z Resolving deltas:  80% (1268/1585)
build-and-test	UNKNOWN STEP	2025-10-27T15:09:56.8688277Z Resolving deltas:  81% (1284/1585)
build-and-test	UNKNOWN STEP	2025-10-27T15:09:56.8688747Z Resolving deltas:  82% (1300/1585)
build-and-test	UNKNOWN STEP	2025-10-27T15:09:56.8689125Z Resolving deltas:  83% (1316/1585)
build-and-test	UNKNOWN STEP	2025-10-27T15:09:56.8691437Z Resolving deltas:  84% (1332/1585)
build-and-test	UNKNOWN STEP	2025-10-27T15:09:56.8696247Z Resolving deltas:  85% (1348/1585)
build-and-test	UNKNOWN STEP	2025-10-27T15:09:56.8705331Z Resolving deltas:  86% (1364/1585)
build-and-test	UNKNOWN STEP	2025-10-27T15:09:56.8712822Z Resolving deltas:  87% (1379/1585)
build-and-test	UNKNOWN STEP	2025-10-27T15:09:56.8719823Z Resolving deltas:  88% (1395/1585)
build-and-test	UNKNOWN STEP	2025-10-27T15:09:56.8725717Z Resolving deltas:  89% (1411/1585)
build-and-test	UNKNOWN STEP	2025-10-27T15:09:56.8731196Z Resolving deltas:  90% (1427/1585)
build-and-test	UNKNOWN STEP	2025-10-27T15:09:56.8737980Z Resolving deltas:  91% (1443/1585)
build-and-test	UNKNOWN STEP	2025-10-27T15:09:56.8744382Z Resolving deltas:  92% (1460/1585)
build-and-test	UNKNOWN STEP	2025-10-27T15:09:56.8751361Z Resolving deltas:  93% (1475/1585)
build-and-test	UNKNOWN STEP	2025-10-27T15:09:56.8758833Z Resolving deltas:  94% (1490/1585)
build-and-test	UNKNOWN STEP	2025-10-27T15:09:56.8763849Z Resolving deltas:  95% (1506/1585)
build-and-test	UNKNOWN STEP	2025-10-27T15:09:56.8765595Z Resolving deltas:  96% (1522/1585)
build-and-test	UNKNOWN STEP	2025-10-27T15:09:56.8772064Z Resolving deltas:  97% (1538/1585)
build-and-test	UNKNOWN STEP	2025-10-27T15:09:56.8778648Z Resolving deltas:  98% (1554/1585)
build-and-test	UNKNOWN STEP	2025-10-27T15:09:56.8793886Z Resolving deltas:  99% (1570/1585)
build-and-test	UNKNOWN STEP	2025-10-27T15:09:56.8795516Z Resolving deltas: 100% (1585/1585)
build-and-test	UNKNOWN STEP	2025-10-27T15:09:56.8795940Z Resolving deltas: 100% (1585/1585), done.
build-and-test	UNKNOWN STEP	2025-10-27T15:09:57.0432388Z Updating dependencies in /home/runner/work/1kUSD/1kUSD/lib
build-and-test	UNKNOWN STEP	2025-10-27T15:09:57.0713002Z Warning: This is a nightly build of Foundry. It is recommended to use the latest stable version. To mute this warning set `FOUNDRY_DISABLE_NIGHTLY_WARNING` in your environment. 
build-and-test	UNKNOWN STEP	2025-10-27T15:09:57.0713892Z 
build-and-test	UNKNOWN STEP	2025-10-27T15:09:57.4548280Z ##[group]Run bash scripts/ci_setup.sh
build-and-test	UNKNOWN STEP	2025-10-27T15:09:57.4548605Z [36;1mbash scripts/ci_setup.sh[0m
build-and-test	UNKNOWN STEP	2025-10-27T15:09:57.4581046Z shell: /usr/bin/bash -e {0}
build-and-test	UNKNOWN STEP	2025-10-27T15:09:57.4581281Z ##[endgroup]
build-and-test	UNKNOWN STEP	2025-10-27T15:09:57.4642618Z ð§© CI Environment Setup â 1kUSD Project
build-and-test	UNKNOWN STEP	2025-10-27T15:09:57.4655619Z ð¦ Installing OpenZeppelin Contracts v5.0.2 (deterministic)
build-and-test	UNKNOWN STEP	2025-10-27T15:09:57.4707420Z Warning: This is a nightly build of Foundry. It is recommended to use the latest stable version. To mute this warning set `FOUNDRY_DISABLE_NIGHTLY_WARNING` in your environment. 
build-and-test	UNKNOWN STEP	2025-10-27T15:09:57.4708122Z 
build-and-test	UNKNOWN STEP	2025-10-27T15:09:57.5307640Z Installing openzeppelin-contracts in /home/runner/work/1kUSD/1kUSD/lib/openzeppelin-contracts (url: https://github.com/OpenZeppelin/openzeppelin-contracts, tag: v5.0.2)
build-and-test	UNKNOWN STEP	2025-10-27T15:09:57.5511797Z Cloning into '/home/runner/work/1kUSD/1kUSD/lib/openzeppelin-contracts'...
build-and-test	UNKNOWN STEP	2025-10-27T15:10:06.1901540Z Submodule 'lib/erc4626-tests' (https://github.com/a16z/erc4626-tests.git) registered for path 'lib/erc4626-tests'
build-and-test	UNKNOWN STEP	2025-10-27T15:10:06.1904761Z Submodule 'lib/forge-std' (https://github.com/foundry-rs/forge-std) registered for path 'lib/forge-std'
build-and-test	UNKNOWN STEP	2025-10-27T15:10:06.1930256Z Cloning into '/home/runner/work/1kUSD/1kUSD/lib/openzeppelin-contracts/lib/erc4626-tests'...
build-and-test	UNKNOWN STEP	2025-10-27T15:10:06.6463621Z remote: Enumerating objects: 32, done.        
build-and-test	UNKNOWN STEP	2025-10-27T15:10:06.6464135Z remote: Counting objects:   3% (1/26)        
build-and-test	UNKNOWN STEP	2025-10-27T15:10:06.6464464Z remote: Counting objects:   7% (2/26)        
build-and-test	UNKNOWN STEP	2025-10-27T15:10:06.6519020Z remote: Counting objects:  11% (3/26)        
build-and-test	UNKNOWN STEP	2025-10-27T15:10:06.6519527Z remote: Counting objects:  15% (4/26)        
build-and-test	UNKNOWN STEP	2025-10-27T15:10:06.6519981Z remote: Counting objects:  19% (5/26)        
build-and-test	UNKNOWN STEP	2025-10-27T15:10:06.6520461Z remote: Counting objects:  23% (6/26)        
build-and-test	UNKNOWN STEP	2025-10-27T15:10:06.6520932Z remote: Counting objects:  26% (7/26)        
build-and-test	UNKNOWN STEP	2025-10-27T15:10:06.6521528Z remote: Counting objects:  30% (8/26)        
build-and-test	UNKNOWN STEP	2025-10-27T15:10:06.6522082Z remote: Counting objects:  34% (9/26)        
build-and-test	UNKNOWN STEP	2025-10-27T15:10:06.6522885Z remote: Counting objects:  38% (10/26)        
build-and-test	UNKNOWN STEP	2025-10-27T15:10:06.6523888Z remote: Counting objects:  42% (11/26)        
build-and-test	UNKNOWN STEP	2025-10-27T15:10:06.6524446Z remote: Counting objects:  46% (12/26)        
build-and-test	UNKNOWN STEP	2025-10-27T15:10:06.6524996Z remote: Counting objects:  50% (13/26)        
build-and-test	UNKNOWN STEP	2025-10-27T15:10:06.6525405Z remote: Counting objects:  53% (14/26)        
build-and-test	UNKNOWN STEP	2025-10-27T15:10:06.6525715Z remote: Counting objects:  57% (15/26)        
build-and-test	UNKNOWN STEP	2025-10-27T15:10:06.6526016Z remote: Counting objects:  61% (16/26)        
build-and-test	UNKNOWN STEP	2025-10-27T15:10:06.6526325Z remote: Counting objects:  65% (17/26)        
build-and-test	UNKNOWN STEP	2025-10-27T15:10:06.6526633Z remote: Counting objects:  69% (18/26)        
build-and-test	UNKNOWN STEP	2025-10-27T15:10:06.6526930Z remote: Counting objects:  73% (19/26)        
build-and-test	UNKNOWN STEP	2025-10-27T15:10:06.6527260Z remote: Counting objects:  76% (20/26)        
build-and-test	UNKNOWN STEP	2025-10-27T15:10:06.6527559Z remote: Counting objects:  80% (21/26)        
build-and-test	UNKNOWN STEP	2025-10-27T15:10:06.6527868Z remote: Counting objects:  84% (22/26)        
build-and-test	UNKNOWN STEP	2025-10-27T15:10:06.6528177Z remote: Counting objects:  88% (23/26)        
build-and-test	UNKNOWN STEP	2025-10-27T15:10:06.6528494Z remote: Counting objects:  92% (24/26)        
build-and-test	UNKNOWN STEP	2025-10-27T15:10:06.6528797Z remote: Counting objects:  96% (25/26)        
build-and-test	UNKNOWN STEP	2025-10-27T15:10:06.6529099Z remote: Counting objects: 100% (26/26)        
build-and-test	UNKNOWN STEP	2025-10-27T15:10:06.6529429Z remote: Counting objects: 100% (26/26), done.        
build-and-test	UNKNOWN STEP	2025-10-27T15:10:06.6529775Z remote: Compressing objects:   5% (1/20)        
build-and-test	UNKNOWN STEP	2025-10-27T15:10:06.6530108Z remote: Compressing objects:  10% (2/20)        
build-and-test	UNKNOWN STEP	2025-10-27T15:10:06.6530426Z remote: Compressing objects:  15% (3/20)        
build-and-test	UNKNOWN STEP	2025-10-27T15:10:06.6530745Z remote: Compressing objects:  20% (4/20)        
build-and-test	UNKNOWN STEP	2025-10-27T15:10:06.6531061Z remote: Compressing objects:  25% (5/20)        
build-and-test	UNKNOWN STEP	2025-10-27T15:10:06.6531371Z remote: Compressing objects:  30% (6/20)        
build-and-test	UNKNOWN STEP	2025-10-27T15:10:06.6531688Z remote: Compressing objects:  35% (7/20)        
build-and-test	UNKNOWN STEP	2025-10-27T15:10:06.6532002Z remote: Compressing objects:  40% (8/20)        
build-and-test	UNKNOWN STEP	2025-10-27T15:10:06.6533060Z remote: Compressing objects:  45% (9/20)        
build-and-test	UNKNOWN STEP	2025-10-27T15:10:06.6533395Z remote: Compressing objects:  50% (10/20)        
build-and-test	UNKNOWN STEP	2025-10-27T15:10:06.6533669Z remote: Compressing objects:  55% (11/20)        
build-and-test	UNKNOWN STEP	2025-10-27T15:10:06.6533929Z remote: Compressing objects:  60% (12/20)        
build-and-test	UNKNOWN STEP	2025-10-27T15:10:06.6534188Z remote: Compressing objects:  65% (13/20)        
build-and-test	UNKNOWN STEP	2025-10-27T15:10:06.6534450Z remote: Compressing objects:  70% (14/20)        
build-and-test	UNKNOWN STEP	2025-10-27T15:10:06.6534707Z remote: Compressing objects:  75% (15/20)        
build-and-test	UNKNOWN STEP	2025-10-27T15:10:06.6534963Z remote: Compressing objects:  80% (16/20)        
build-and-test	UNKNOWN STEP	2025-10-27T15:10:06.6535213Z remote: Compressing objects:  85% (17/20)        
build-and-test	UNKNOWN STEP	2025-10-27T15:10:06.6535471Z remote: Compressing objects:  90% (18/20)        
build-and-test	UNKNOWN STEP	2025-10-27T15:10:06.6535725Z remote: Compressing objects:  95% (19/20)        
build-and-test	UNKNOWN STEP	2025-10-27T15:10:06.6536000Z remote: Compressing objects: 100% (20/20)        
build-and-test	UNKNOWN STEP	2025-10-27T15:10:06.6536287Z remote: Compressing objects: 100% (20/20), done.        
build-and-test	UNKNOWN STEP	2025-10-27T15:10:06.6705173Z Receiving objects:   3% (1/32)
build-and-test	UNKNOWN STEP	2025-10-27T15:10:06.6706325Z remote: Total 32 (delta 15), reused 7 (delta 4), pack-reused 6 (from 1)        
build-and-test	UNKNOWN STEP	2025-10-27T15:10:06.6708033Z Receiving objects:   6% (2/32)
build-and-test	UNKNOWN STEP	2025-10-27T15:10:06.6708581Z Receiving objects:   9% (3/32)
build-and-test	UNKNOWN STEP	2025-10-27T15:10:06.6709043Z Receiving objects:  12% (4/32)
build-and-test	UNKNOWN STEP	2025-10-27T15:10:06.6709509Z Receiving objects:  15% (5/32)
build-and-test	UNKNOWN STEP	2025-10-27T15:10:06.6709957Z Receiving objects:  18% (6/32)
build-and-test	UNKNOWN STEP	2025-10-27T15:10:06.6710384Z Receiving objects:  21% (7/32)
build-and-test	UNKNOWN STEP	2025-10-27T15:10:06.6710822Z Receiving objects:  25% (8/32)
build-and-test	UNKNOWN STEP	2025-10-27T15:10:06.6711258Z Receiving objects:  28% (9/32)
build-and-test	UNKNOWN STEP	2025-10-27T15:10:06.6711708Z Receiving objects:  31% (10/32)
build-and-test	UNKNOWN STEP	2025-10-27T15:10:06.6712215Z Receiving objects:  34% (11/32)
build-and-test	UNKNOWN STEP	2025-10-27T15:10:06.6713314Z Receiving objects:  37% (12/32)
build-and-test	UNKNOWN STEP	2025-10-27T15:10:06.6715029Z Receiving objects:  40% (13/32)
build-and-test	UNKNOWN STEP	2025-10-27T15:10:06.6715453Z Receiving objects:  43% (14/32)
build-and-test	UNKNOWN STEP	2025-10-27T15:10:06.6715861Z Receiving objects:  46% (15/32)
build-and-test	UNKNOWN STEP	2025-10-27T15:10:06.6716309Z Receiving objects:  50% (16/32)
build-and-test	UNKNOWN STEP	2025-10-27T15:10:06.6716722Z Receiving objects:  53% (17/32)
build-and-test	UNKNOWN STEP	2025-10-27T15:10:06.6717439Z Receiving objects:  56% (18/32)
build-and-test	UNKNOWN STEP	2025-10-27T15:10:06.6718017Z Receiving objects:  59% (19/32)
build-and-test	UNKNOWN STEP	2025-10-27T15:10:06.6718794Z Receiving objects:  62% (20/32)
build-and-test	UNKNOWN STEP	2025-10-27T15:10:06.6719842Z Receiving objects:  65% (21/32)
build-and-test	UNKNOWN STEP	2025-10-27T15:10:06.6720416Z Receiving objects:  68% (22/32)
build-and-test	UNKNOWN STEP	2025-10-27T15:10:06.6720856Z Receiving objects:  71% (23/32)
build-and-test	UNKNOWN STEP	2025-10-27T15:10:06.6721278Z Receiving objects:  75% (24/32)
build-and-test	UNKNOWN STEP	2025-10-27T15:10:06.6721691Z Receiving objects:  78% (25/32)
build-and-test	UNKNOWN STEP	2025-10-27T15:10:06.6722121Z Receiving objects:  81% (26/32)
build-and-test	UNKNOWN STEP	2025-10-27T15:10:06.6722756Z Receiving objects:  84% (27/32)
build-and-test	UNKNOWN STEP	2025-10-27T15:10:06.6723109Z Receiving objects:  87% (28/32)
build-and-test	UNKNOWN STEP	2025-10-27T15:10:06.6723638Z Receiving objects:  90% (29/32)
build-and-test	UNKNOWN STEP	2025-10-27T15:10:06.6723994Z Receiving objects:  93% (30/32)
build-and-test	UNKNOWN STEP	2025-10-27T15:10:06.6724656Z Receiving objects:  96% (31/32)
build-and-test	UNKNOWN STEP	2025-10-27T15:10:06.6725001Z Receiving objects: 100% (32/32)
build-and-test	UNKNOWN STEP	2025-10-27T15:10:06.6725438Z Receiving objects: 100% (32/32), 29.05 KiB | 1.45 MiB/s, done.
build-and-test	UNKNOWN STEP	2025-10-27T15:10:06.6733692Z Resolving deltas:   0% (0/15)
build-and-test	UNKNOWN STEP	2025-10-27T15:10:06.6734494Z Resolving deltas:   6% (1/15)
build-and-test	UNKNOWN STEP	2025-10-27T15:10:06.6735349Z Resolving deltas:  13% (2/15)
build-and-test	UNKNOWN STEP	2025-10-27T15:10:06.6735902Z Resolving deltas:  20% (3/15)
build-and-test	UNKNOWN STEP	2025-10-27T15:10:06.6736279Z Resolving deltas:  26% (4/15)
build-and-test	UNKNOWN STEP	2025-10-27T15:10:06.6736641Z Resolving deltas:  33% (5/15)
build-and-test	UNKNOWN STEP	2025-10-27T15:10:06.6736974Z Resolving deltas:  40% (6/15)
build-and-test	UNKNOWN STEP	2025-10-27T15:10:06.6737312Z Resolving deltas:  46% (7/15)
build-and-test	UNKNOWN STEP	2025-10-27T15:10:06.6737630Z Resolving deltas:  53% (8/15)
build-and-test	UNKNOWN STEP	2025-10-27T15:10:06.6737954Z Resolving deltas:  60% (9/15)
build-and-test	UNKNOWN STEP	2025-10-27T15:10:06.6738269Z Resolving deltas:  66% (10/15)
build-and-test	UNKNOWN STEP	2025-10-27T15:10:06.6738587Z Resolving deltas:  73% (11/15)
build-and-test	UNKNOWN STEP	2025-10-27T15:10:06.6738880Z Resolving deltas:  80% (12/15)
build-and-test	UNKNOWN STEP	2025-10-27T15:10:06.6739079Z Resolving deltas:  86% (13/15)
build-and-test	UNKNOWN STEP	2025-10-27T15:10:06.6739271Z Resolving deltas:  93% (14/15)
build-and-test	UNKNOWN STEP	2025-10-27T15:10:06.6749173Z Resolving deltas: 100% (15/15)
build-and-test	UNKNOWN STEP	2025-10-27T15:10:06.6749616Z Resolving deltas: 100% (15/15), done.
build-and-test	UNKNOWN STEP	2025-10-27T15:10:06.6837711Z Cloning into '/home/runner/work/1kUSD/1kUSD/lib/openzeppelin-contracts/lib/forge-std'...
build-and-test	UNKNOWN STEP	2025-10-27T15:10:07.1512591Z remote: Enumerating objects: 2386, done.        
build-and-test	UNKNOWN STEP	2025-10-27T15:10:07.1513380Z remote: Counting objects:   0% (1/1225)        
build-and-test	UNKNOWN STEP	2025-10-27T15:10:07.1513854Z remote: Counting objects:   1% (13/1225)        
build-and-test	UNKNOWN STEP	2025-10-27T15:10:07.1514377Z remote: Counting objects:   2% (25/1225)        
build-and-test	UNKNOWN STEP	2025-10-27T15:10:07.1514863Z remote: Counting objects:   3% (37/1225)        
build-and-test	UNKNOWN STEP	2025-10-27T15:10:07.1515358Z remote: Counting objects:   4% (49/1225)        
build-and-test	UNKNOWN STEP	2025-10-27T15:10:07.1515680Z remote: Counting objects:   5% (62/1225)        
build-and-test	UNKNOWN STEP	2025-10-27T15:10:07.1515995Z remote: Counting objects:   6% (74/1225)        
build-and-test	UNKNOWN STEP	2025-10-27T15:10:07.1516308Z remote: Counting objects:   7% (86/1225)        
build-and-test	UNKNOWN STEP	2025-10-27T15:10:07.1516616Z remote: Counting objects:   8% (98/1225)        
build-and-test	UNKNOWN STEP	2025-10-27T15:10:07.1516962Z remote: Counting objects:   9% (111/1225)        
build-and-test	UNKNOWN STEP	2025-10-27T15:10:07.1517282Z remote: Counting objects:  10% (123/1225)        
build-and-test	UNKNOWN STEP	2025-10-27T15:10:07.1517615Z remote: Counting objects:  11% (135/1225)        
build-and-test	UNKNOWN STEP	2025-10-27T15:10:07.1517953Z remote: Counting objects:  12% (147/1225)        
build-and-test	UNKNOWN STEP	2025-10-27T15:10:07.1518263Z remote: Counting objects:  13% (160/1225)        
build-and-test	UNKNOWN STEP	2025-10-27T15:10:07.1518577Z remote: Counting objects:  14% (172/1225)        
build-and-test	UNKNOWN STEP	2025-10-27T15:10:07.1518887Z remote: Counting objects:  15% (184/1225)        
build-and-test	UNKNOWN STEP	2025-10-27T15:10:07.1519203Z remote: Counting objects:  16% (196/1225)        
build-and-test	UNKNOWN STEP	2025-10-27T15:10:07.1519512Z remote: Counting objects:  17% (209/1225)        
build-and-test	UNKNOWN STEP	2025-10-27T15:10:07.1519828Z remote: Counting objects:  18% (221/1225)        
build-and-test	UNKNOWN STEP	2025-10-27T15:10:07.1520141Z remote: Counting objects:  19% (233/1225)        
build-and-test	UNKNOWN STEP	2025-10-27T15:10:07.1520454Z remote: Counting objects:  20% (245/1225)        
build-and-test	UNKNOWN STEP	2025-10-27T15:10:07.1520769Z remote: Counting objects:  21% (258/1225)        
build-and-test	UNKNOWN STEP	2025-10-27T15:10:07.1521087Z remote: Counting objects:  22% (270/1225)        
build-and-test	UNKNOWN STEP	2025-10-27T15:10:07.1521402Z remote: Counting objects:  23% (282/1225)        
build-and-test	UNKNOWN STEP	2025-10-27T15:10:07.1522049Z remote: Counting objects:  24% (294/1225)        
build-and-test	UNKNOWN STEP	2025-10-27T15:10:07.1522591Z remote: Counting objects:  25% (307/1225)        
build-and-test	UNKNOWN STEP	2025-10-27T15:10:07.1522900Z remote: Counting objects:  26% (319/1225)        
build-and-test	UNKNOWN STEP	2025-10-27T15:10:07.1523153Z remote: Counting objects:  27% (331/1225)        
build-and-test	UNKNOWN STEP	2025-10-27T15:10:07.1523411Z remote: Counting objects:  28% (343/1225)        
build-and-test	UNKNOWN STEP	2025-10-27T15:10:07.1523661Z remote: Counting objects:  29% (356/1225)        
build-and-test	UNKNOWN STEP	2025-10-27T15:10:07.1523915Z remote: Counting objects:  30% (368/1225)        
build-and-test	UNKNOWN STEP	2025-10-27T15:10:07.1524160Z remote: Counting objects:  31% (380/1225)        
build-and-test	UNKNOWN STEP	2025-10-27T15:10:07.1524415Z remote: Counting objects:  32% (392/1225)        
build-and-test	UNKNOWN STEP	2025-10-27T15:10:07.1524664Z remote: Counting objects:  33% (405/1225)        
build-and-test	UNKNOWN STEP	2025-10-27T15:10:07.1524919Z remote: Counting objects:  34% (417/1225)        
build-and-test	UNKNOWN STEP	2025-10-27T15:10:07.1525183Z remote: Counting objects:  35% (429/1225)        
build-and-test	UNKNOWN STEP	2025-10-27T15:10:07.1525434Z remote: Counting objects:  36% (441/1225)        
build-and-test	UNKNOWN STEP	2025-10-27T15:10:07.1525704Z remote: Counting objects:  37% (454/1225)        
build-and-test	UNKNOWN STEP	2025-10-27T15:10:07.1525952Z remote: Counting objects:  38% (466/1225)        
build-and-test	UNKNOWN STEP	2025-10-27T15:10:07.1526208Z remote: Counting objects:  39% (478/1225)        
build-and-test	UNKNOWN STEP	2025-10-27T15:10:07.1526454Z remote: Counting objects:  40% (490/1225)        
build-and-test	UNKNOWN STEP	2025-10-27T15:10:07.1526707Z remote: Counting objects:  41% (503/1225)        
build-and-test	UNKNOWN STEP	2025-10-27T15:10:07.1526955Z remote: Counting objects:  42% (515/1225)        
build-and-test	UNKNOWN STEP	2025-10-27T15:10:07.1527209Z remote: Counting objects:  43% (527/1225)        
build-and-test	UNKNOWN STEP	2025-10-27T15:10:07.1527500Z remote: Counting objects:  44% (539/1225)        
build-and-test	UNKNOWN STEP	2025-10-27T15:10:07.1527961Z remote: Counting objects:  45% (552/1225)        
build-and-test	UNKNOWN STEP	2025-10-27T15:10:07.1528499Z remote: Counting objects:  46% (564/1225)        
build-and-test	UNKNOWN STEP	2025-10-27T15:10:07.1528872Z remote: Counting objects:  47% (576/1225)        
build-and-test	UNKNOWN STEP	2025-10-27T15:10:07.1529291Z remote: Counting objects:  48% (588/1225)        
build-and-test	UNKNOWN STEP	2025-10-27T15:10:07.1529545Z remote: Counting objects:  49% (601/1225)        
build-and-test	UNKNOWN STEP	2025-10-27T15:10:07.1529801Z remote: Counting objects:  50% (613/1225)        
build-and-test	UNKNOWN STEP	2025-10-27T15:10:07.1530045Z remote: Counting objects:  51% (625/1225)        
build-and-test	UNKNOWN STEP	2025-10-27T15:10:07.1530296Z remote: Counting objects:  52% (637/1225)        
build-and-test	UNKNOWN STEP	2025-10-27T15:10:07.1530547Z remote: Counting objects:  53% (650/1225)        
build-and-test	UNKNOWN STEP	2025-10-27T15:10:07.1530791Z remote: Counting objects:  54% (662/1225)        
build-and-test	UNKNOWN STEP	2025-10-27T15:10:07.1531043Z remote: Counting objects:  55% (674/1225)        
build-and-test	UNKNOWN STEP	2025-10-27T15:10:07.1531300Z remote: Counting objects:  56% (686/1225)        
build-and-test	UNKNOWN STEP	2025-10-27T15:10:07.1531551Z remote: Counting objects:  57% (699/1225)        
build-and-test	UNKNOWN STEP	2025-10-27T15:10:07.1531800Z remote: Counting objects:  58% (711/1225)        
build-and-test	UNKNOWN STEP	2025-10-27T15:10:07.1532055Z remote: Counting objects:  59% (723/1225)        
build-and-test	UNKNOWN STEP	2025-10-27T15:10:07.1532541Z remote: Counting objects:  60% (735/1225)        
build-and-test	UNKNOWN STEP	2025-10-27T15:10:07.1532803Z remote: Counting objects:  61% (748/1225)        
build-and-test	UNKNOWN STEP	2025-10-27T15:10:07.1533057Z remote: Counting objects:  62% (760/1225)        
build-and-test	UNKNOWN STEP	2025-10-27T15:10:07.1533309Z remote: Counting objects:  63% (772/1225)        
build-and-test	UNKNOWN STEP	2025-10-27T15:10:07.1533563Z remote: Counting objects:  64% (784/1225)        
build-and-test	UNKNOWN STEP	2025-10-27T15:10:07.1533810Z remote: Counting objects:  65% (797/1225)        
build-and-test	UNKNOWN STEP	2025-10-27T15:10:07.1534065Z remote: Counting objects:  66% (809/1225)        
build-and-test	UNKNOWN STEP	2025-10-27T15:10:07.1534312Z remote: Counting objects:  67% (821/1225)        
build-and-test	UNKNOWN STEP	2025-10-27T15:10:07.1534568Z remote: Counting objects:  68% (833/1225)        
build-and-test	UNKNOWN STEP	2025-10-27T15:10:07.1534824Z remote: Counting objects:  69% (846/1225)        
build-and-test	UNKNOWN STEP	2025-10-27T15:10:07.1535071Z remote: Counting objects:  70% (858/1225)        
build-and-test	UNKNOWN STEP	2025-10-27T15:10:07.1535327Z remote: Counting objects:  71% (870/1225)        
build-and-test	UNKNOWN STEP	2025-10-27T15:10:07.1535575Z remote: Counting objects:  72% (882/1225)        
build-and-test	UNKNOWN STEP	2025-10-27T15:10:07.1535831Z remote: Counting objects:  73% (895/1225)        
build-and-test	UNKNOWN STEP	2025-10-27T15:10:07.1536084Z remote: Counting objects:  74% (907/1225)        
build-and-test	UNKNOWN STEP	2025-10-27T15:10:07.1536340Z remote: Counting objects:  75% (919/1225)        
build-and-test	UNKNOWN STEP	2025-10-27T15:10:07.1536718Z remote: Counting objects:  76% (931/1225)        
build-and-test	UNKNOWN STEP	2025-10-27T15:10:07.1536970Z remote: Counting objects:  77% (944/1225)        
build-and-test	UNKNOWN STEP	2025-10-27T15:10:07.1537240Z remote: Counting objects:  78% (956/1225)        
build-and-test	UNKNOWN STEP	2025-10-27T15:10:07.1537493Z remote: Counting objects:  79% (968/1225)        
build-and-test	UNKNOWN STEP	2025-10-27T15:10:07.1537746Z remote: Counting objects:  80% (980/1225)        
build-and-test	UNKNOWN STEP	2025-10-27T15:10:07.1537994Z remote: Counting objects:  81% (993/1225)        
build-and-test	UNKNOWN STEP	2025-10-27T15:10:07.1538257Z remote: Counting objects:  82% (1005/1225)        
build-and-test	UNKNOWN STEP	2025-10-27T15:10:07.1538524Z remote: Counting objects:  83% (1017/1225)        
build-and-test	UNKNOWN STEP	2025-10-27T15:10:07.1538785Z remote: Counting objects:  84% (1029/1225)        
build-and-test	UNKNOWN STEP	2025-10-27T15:10:07.1539042Z remote: Counting objects:  85% (1042/1225)        
build-and-test	UNKNOWN STEP	2025-10-27T15:10:07.1539291Z remote: Counting objects:  86% (1054/1225)        
build-and-test	UNKNOWN STEP	2025-10-27T15:10:07.1539554Z remote: Counting objects:  87% (1066/1225)        
build-and-test	UNKNOWN STEP	2025-10-27T15:10:07.1539805Z remote: Counting objects:  88% (1078/1225)        
build-and-test	UNKNOWN STEP	2025-10-27T15:10:07.1540072Z remote: Counting objects:  89% (1091/1225)        
build-and-test	UNKNOWN STEP	2025-10-27T15:10:07.1540322Z remote: Counting objects:  90% (1103/1225)        
build-and-test	UNKNOWN STEP	2025-10-27T15:10:07.1540578Z remote: Counting objects:  91% (1115/1225)        
build-and-test	UNKNOWN STEP	2025-10-27T15:10:07.1540834Z remote: Counting objects:  92% (1127/1225)        
build-and-test	UNKNOWN STEP	2025-10-27T15:10:07.1541083Z remote: Counting objects:  93% (1140/1225)        
build-and-test	UNKNOWN STEP	2025-10-27T15:10:07.1541335Z remote: Counting objects:  94% (1152/1225)        
build-and-test	UNKNOWN STEP	2025-10-27T15:10:07.1541584Z remote: Counting objects:  95% (1164/1225)        
build-and-test	UNKNOWN STEP	2025-10-27T15:10:07.1541845Z remote: Counting objects:  96% (1176/1225)        
build-and-test	UNKNOWN STEP	2025-10-27T15:10:07.1542093Z remote: Counting objects:  97% (1189/1225)        
build-and-test	UNKNOWN STEP	2025-10-27T15:10:07.1542457Z remote: Counting objects:  98% (1201/1225)        
build-and-test	UNKNOWN STEP	2025-10-27T15:10:07.1542705Z remote: Counting objects:  99% (1213/1225)        
build-and-test	UNKNOWN STEP	2025-10-27T15:10:07.1543076Z remote: Counting objects: 100% (1225/1225)        
build-and-test	UNKNOWN STEP	2025-10-27T15:10:07.1543375Z remote: Counting objects: 100% (1225/1225), done.        
build-and-test	UNKNOWN STEP	2025-10-27T15:10:07.1543669Z remote: Compressing objects:   0% (1/238)        
build-and-test	UNKNOWN STEP	2025-10-27T15:10:07.1543936Z remote: Compressing objects:   1% (3/238)        
build-and-test	UNKNOWN STEP	2025-10-27T15:10:07.1544189Z remote: Compressing objects:   2% (5/238)        
build-and-test	UNKNOWN STEP	2025-10-27T15:10:07.1544445Z remote: Compressing objects:   3% (8/238)        
build-and-test	UNKNOWN STEP	2025-10-27T15:10:07.1544698Z remote: Compressing objects:   4% (10/238)        
build-and-test	UNKNOWN STEP	2025-10-27T15:10:07.1544959Z remote: Compressing objects:   5% (12/238)        
build-and-test	UNKNOWN STEP	2025-10-27T15:10:07.1857586Z remote: Compressing objects:   6% (15/238)        
build-and-test	UNKNOWN STEP	2025-10-27T15:10:07.1858365Z remote: Compressing objects:   7% (17/238)        
build-and-test	UNKNOWN STEP	2025-10-27T15:10:07.1858955Z remote: Compressing objects:   8% (20/238)        
build-and-test	UNKNOWN STEP	2025-10-27T15:10:07.1859412Z remote: Compressing objects:   9% (22/238)        
build-and-test	UNKNOWN STEP	2025-10-27T15:10:07.1859862Z remote: Compressing objects:  10% (24/238)        
build-and-test	UNKNOWN STEP	2025-10-27T15:10:07.1860293Z remote: Compressing objects:  11% (27/238)        
build-and-test	UNKNOWN STEP	2025-10-27T15:10:07.1860731Z remote: Compressing objects:  12% (29/238)        
build-and-test	UNKNOWN STEP	2025-10-27T15:10:07.1861162Z remote: Compressing objects:  13% (31/238)        
build-and-test	UNKNOWN STEP	2025-10-27T15:10:07.1861592Z remote: Compressing objects:  14% (34/238)        
build-and-test	UNKNOWN STEP	2025-10-27T15:10:07.1862025Z remote: Compressing objects:  15% (36/238)        
build-and-test	UNKNOWN STEP	2025-10-27T15:10:07.1862651Z remote: Compressing objects:  16% (39/238)        
build-and-test	UNKNOWN STEP	2025-10-27T15:10:07.1863005Z remote: Compressing objects:  17% (41/238)        
build-and-test	UNKNOWN STEP	2025-10-27T15:10:07.1863354Z remote: Compressing objects:  18% (43/238)        
build-and-test	UNKNOWN STEP	2025-10-27T15:10:07.1863705Z remote: Compressing objects:  19% (46/238)        
build-and-test	UNKNOWN STEP	2025-10-27T15:10:07.1864048Z remote: Compressing objects:  20% (48/238)        
build-and-test	UNKNOWN STEP	2025-10-27T15:10:07.1864402Z remote: Compressing objects:  21% (50/238)        
build-and-test	UNKNOWN STEP	2025-10-27T15:10:07.1864750Z remote: Compressing objects:  22% (53/238)        
build-and-test	UNKNOWN STEP	2025-10-27T15:10:07.1865100Z remote: Compressing objects:  23% (55/238)        
build-and-test	UNKNOWN STEP	2025-10-27T15:10:07.1865451Z remote: Compressing objects:  24% (58/238)        
build-and-test	UNKNOWN STEP	2025-10-27T15:10:07.1865999Z remote: Compressing objects:  25% (60/238)        
build-and-test	UNKNOWN STEP	2025-10-27T15:10:07.1866352Z remote: Compressing objects:  26% (62/238)        
build-and-test	UNKNOWN STEP	2025-10-27T15:10:07.2141955Z remote: Compressing objects:  27% (65/238)        
build-and-test	UNKNOWN STEP	2025-10-27T15:10:07.2143156Z remote: Compressing objects:  28% (67/238)        
build-and-test	UNKNOWN STEP	2025-10-27T15:10:07.2143775Z remote: Compressing objects:  29% (70/238)        
build-and-test	UNKNOWN STEP	2025-10-27T15:10:07.2144258Z remote: Compressing objects:  30% (72/238)        
build-and-test	UNKNOWN STEP	2025-10-27T15:10:07.2144739Z remote: Compressing objects:  31% (74/238)        
build-and-test	UNKNOWN STEP	2025-10-27T15:10:07.2145223Z remote: Compressing objects:  32% (77/238)        
build-and-test	UNKNOWN STEP	2025-10-27T15:10:07.2145702Z remote: Compressing objects:  33% (79/238)        
build-and-test	UNKNOWN STEP	2025-10-27T15:10:07.2146175Z remote: Compressing objects:  34% (81/238)        
build-and-test	UNKNOWN STEP	2025-10-27T15:10:07.2146658Z remote: Compressing objects:  35% (84/238)        
build-and-test	UNKNOWN STEP	2025-10-27T15:10:07.2147153Z remote: Compressing objects:  36% (86/238)        
build-and-test	UNKNOWN STEP	2025-10-27T15:10:07.2147647Z remote: Compressing objects:  37% (89/238)        
build-and-test	UNKNOWN STEP	2025-10-27T15:10:07.2148133Z remote: Compressing objects:  38% (91/238)        
build-and-test	UNKNOWN STEP	2025-10-27T15:10:07.2148609Z remote: Compressing objects:  39% (93/238)        
build-and-test	UNKNOWN STEP	2025-10-27T15:10:07.2149093Z remote: Compressing objects:  40% (96/238)        
build-and-test	UNKNOWN STEP	2025-10-27T15:10:07.2149565Z remote: Compressing objects:  41% (98/238)        
build-and-test	UNKNOWN STEP	2025-10-27T15:10:07.2150052Z remote: Compressing objects:  42% (100/238)        
build-and-test	UNKNOWN STEP	2025-10-27T15:10:07.2150543Z remote: Compressing objects:  43% (103/238)        
build-and-test	UNKNOWN STEP	2025-10-27T15:10:07.2151031Z remote: Compressing objects:  44% (105/238)        
build-and-test	UNKNOWN STEP	2025-10-27T15:10:07.2151512Z remote: Compressing objects:  45% (108/238)        
build-and-test	UNKNOWN STEP	2025-10-27T15:10:07.2151989Z remote: Compressing objects:  46% (110/238)        
build-and-test	UNKNOWN STEP	2025-10-27T15:10:07.2152650Z remote: Compressing objects:  47% (112/238)        
build-and-test	UNKNOWN STEP	2025-10-27T15:10:07.2154112Z remote: Compressing objects:  48% (115/238)        
build-and-test	UNKNOWN STEP	2025-10-27T15:10:07.2154975Z remote: Compressing objects:  49% (117/238)        
build-and-test	UNKNOWN STEP	2025-10-27T15:10:07.2155370Z remote: Compressing objects:  50% (119/238)        
build-and-test	UNKNOWN STEP	2025-10-27T15:10:07.2155790Z remote: Compressing objects:  51% (122/238)        
build-and-test	UNKNOWN STEP	2025-10-27T15:10:07.2156140Z remote: Compressing objects:  52% (124/238)        
build-and-test	UNKNOWN STEP	2025-10-27T15:10:07.2156483Z remote: Compressing objects:  53% (127/238)        
build-and-test	UNKNOWN STEP	2025-10-27T15:10:07.2174776Z remote: Compressing objects:  54% (129/238)        
build-and-test	UNKNOWN STEP	2025-10-27T15:10:07.2175145Z remote: Compressing objects:  55% (131/238)        
build-and-test	UNKNOWN STEP	2025-10-27T15:10:07.2175455Z remote: Compressing objects:  56% (134/238)        
build-and-test	UNKNOWN STEP	2025-10-27T15:10:07.2175727Z remote: Compressing objects:  57% (136/238)        
build-and-test	UNKNOWN STEP	2025-10-27T15:10:07.2175995Z remote: Compressing objects:  58% (139/238)        
build-and-test	UNKNOWN STEP	2025-10-27T15:10:07.2176273Z remote: Compressing objects:  59% (141/238)        
build-and-test	UNKNOWN STEP	2025-10-27T15:10:07.2176545Z remote: Compressing objects:  60% (143/238)        
build-and-test	UNKNOWN STEP	2025-10-27T15:10:07.2176813Z remote: Compressing objects:  61% (146/238)        
build-and-test	UNKNOWN STEP	2025-10-27T15:10:07.2177084Z remote: Compressing objects:  62% (148/238)        
build-and-test	UNKNOWN STEP	2025-10-27T15:10:07.2177351Z remote: Compressing objects:  63% (150/238)        
build-and-test	UNKNOWN STEP	2025-10-27T15:10:07.2177691Z remote: Compressing objects:  64% (153/238)        
build-and-test	UNKNOWN STEP	2025-10-27T15:10:07.2178194Z remote: Compressing objects:  65% (155/238)        
build-and-test	UNKNOWN STEP	2025-10-27T15:10:07.2178655Z remote: Compressing objects:  66% (158/238)        
build-and-test	UNKNOWN STEP	2025-10-27T15:10:07.2179227Z remote: Compressing objects:  67% (160/238)        
build-and-test	UNKNOWN STEP	2025-10-27T15:10:07.2179710Z remote: Compressing objects:  68% (162/238)        
build-and-test	UNKNOWN STEP	2025-10-27T15:10:07.2180176Z remote: Compressing objects:  69% (165/238)        
build-and-test	UNKNOWN STEP	2025-10-27T15:10:07.2180573Z remote: Compressing objects:  70% (167/238)        
build-and-test	UNKNOWN STEP	2025-10-27T15:10:07.2180842Z remote: Compressing objects:  71% (169/238)        
build-and-test	UNKNOWN STEP	2025-10-27T15:10:07.2181100Z remote: Compressing objects:  72% (172/238)        
build-and-test	UNKNOWN STEP	2025-10-27T15:10:07.2181361Z remote: Compressing objects:  73% (174/238)        
build-and-test	UNKNOWN STEP	2025-10-27T15:10:07.2181634Z remote: Compressing objects:  74% (177/238)        
build-and-test	UNKNOWN STEP	2025-10-27T15:10:07.2181895Z remote: Compressing objects:  75% (179/238)        
build-and-test	UNKNOWN STEP	2025-10-27T15:10:07.2182653Z remote: Compressing objects:  76% (181/238)        
build-and-test	UNKNOWN STEP	2025-10-27T15:10:07.2182920Z remote: Compressing objects:  77% (184/238)        
build-and-test	UNKNOWN STEP	2025-10-27T15:10:07.2183185Z remote: Compressing objects:  78% (186/238)        
build-and-test	UNKNOWN STEP	2025-10-27T15:10:07.2183481Z remote: Compressing objects:  79% (189/238)        
build-and-test	UNKNOWN STEP	2025-10-27T15:10:07.2183751Z remote: Compressing objects:  80% (191/238)        
build-and-test	UNKNOWN STEP	2025-10-27T15:10:07.2184018Z remote: Compressing objects:  81% (193/238)        
build-and-test	UNKNOWN STEP	2025-10-27T15:10:07.2184280Z remote: Compressing objects:  82% (196/238)        
build-and-test	UNKNOWN STEP	2025-10-27T15:10:07.2184551Z remote: Compressing objects:  83% (198/238)        
build-and-test	UNKNOWN STEP	2025-10-27T15:10:07.2184810Z remote: Compressing objects:  84% (200/238)        
build-and-test	UNKNOWN STEP	2025-10-27T15:10:07.2185079Z remote: Compressing objects:  85% (203/238)        
build-and-test	UNKNOWN STEP	2025-10-27T15:10:07.2185340Z remote: Compressing objects:  86% (205/238)        
build-and-test	UNKNOWN STEP	2025-10-27T15:10:07.2185610Z remote: Compressing objects:  87% (208/238)        
build-and-test	UNKNOWN STEP	2025-10-27T15:10:07.2185880Z remote: Compressing objects:  88% (210/238)        
build-and-test	UNKNOWN STEP	2025-10-27T15:10:07.2186140Z remote: Compressing objects:  89% (212/238)        
build-and-test	UNKNOWN STEP	2025-10-27T15:10:07.2186404Z remote: Compressing objects:  90% (215/238)        
build-and-test	UNKNOWN STEP	2025-10-27T15:10:07.2186663Z remote: Compressing objects:  91% (217/238)        
build-and-test	UNKNOWN STEP	2025-10-27T15:10:07.2186927Z remote: Compressing objects:  92% (219/238)        
build-and-test	UNKNOWN STEP	2025-10-27T15:10:07.2187185Z remote: Compressing objects:  93% (222/238)        
build-and-test	UNKNOWN STEP	2025-10-27T15:10:07.2187449Z remote: Compressing objects:  94% (224/238)        
build-and-test	UNKNOWN STEP	2025-10-27T15:10:07.2187707Z remote: Compressing objects:  95% (227/238)        
build-and-test	UNKNOWN STEP	2025-10-27T15:10:07.2187973Z remote: Compressing objects:  96% (229/238)        
build-and-test	UNKNOWN STEP	2025-10-27T15:10:07.2188238Z remote: Compressing objects:  97% (231/238)        
build-and-test	UNKNOWN STEP	2025-10-27T15:10:07.2188498Z remote: Compressing objects:  98% (234/238)        
build-and-test	UNKNOWN STEP	2025-10-27T15:10:07.2188901Z remote: Compressing objects:  99% (236/238)        
build-and-test	UNKNOWN STEP	2025-10-27T15:10:07.2189170Z remote: Compressing objects: 100% (238/238)        
build-and-test	UNKNOWN STEP	2025-10-27T15:10:07.2189470Z remote: Compressing objects: 100% (238/238), done.        
build-and-test	UNKNOWN STEP	2025-10-27T15:10:07.2369256Z Receiving objects:   0% (1/2386)
build-and-test	UNKNOWN STEP	2025-10-27T15:10:07.2528812Z Receiving objects:   1% (24/2386)
build-and-test	UNKNOWN STEP	2025-10-27T15:10:07.2555856Z Receiving objects:   2% (48/2386)
build-and-test	UNKNOWN STEP	2025-10-27T15:10:07.2562074Z Receiving objects:   3% (72/2386)
build-and-test	UNKNOWN STEP	2025-10-27T15:10:07.2713098Z Receiving objects:   4% (96/2386)
build-and-test	UNKNOWN STEP	2025-10-27T15:10:07.2720719Z Receiving objects:   5% (120/2386)
build-and-test	UNKNOWN STEP	2025-10-27T15:10:07.2742432Z Receiving objects:   6% (144/2386)
build-and-test	UNKNOWN STEP	2025-10-27T15:10:07.2749175Z Receiving objects:   7% (168/2386)
build-and-test	UNKNOWN STEP	2025-10-27T15:10:07.2756074Z Receiving objects:   8% (191/2386)
build-and-test	UNKNOWN STEP	2025-10-27T15:10:07.2761785Z Receiving objects:   9% (215/2386)
build-and-test	UNKNOWN STEP	2025-10-27T15:10:07.2769161Z Receiving objects:  10% (239/2386)
build-and-test	UNKNOWN STEP	2025-10-27T15:10:07.2892015Z Receiving objects:  11% (263/2386)
build-and-test	UNKNOWN STEP	2025-10-27T15:10:07.2902047Z Receiving objects:  12% (287/2386)
build-and-test	UNKNOWN STEP	2025-10-27T15:10:07.2908207Z Receiving objects:  13% (311/2386)
build-and-test	UNKNOWN STEP	2025-10-27T15:10:07.2913561Z Receiving objects:  14% (335/2386)
build-and-test	UNKNOWN STEP	2025-10-27T15:10:07.2918462Z Receiving objects:  15% (358/2386)
build-and-test	UNKNOWN STEP	2025-10-27T15:10:07.2924251Z Receiving objects:  16% (382/2386)
build-and-test	UNKNOWN STEP	2025-10-27T15:10:07.2927885Z Receiving objects:  17% (406/2386)
build-and-test	UNKNOWN STEP	2025-10-27T15:10:07.2949041Z Receiving objects:  18% (430/2386)
build-and-test	UNKNOWN STEP	2025-10-27T15:10:07.2952799Z Receiving objects:  19% (454/2386)
build-and-test	UNKNOWN STEP	2025-10-27T15:10:07.2955439Z Receiving objects:  20% (478/2386)
build-and-test	UNKNOWN STEP	2025-10-27T15:10:07.2956402Z Receiving objects:  21% (502/2386)
build-and-test	UNKNOWN STEP	2025-10-27T15:10:07.2957299Z Receiving objects:  22% (525/2386)
build-and-test	UNKNOWN STEP	2025-10-27T15:10:07.2958212Z Receiving objects:  23% (549/2386)
build-and-test	UNKNOWN STEP	2025-10-27T15:10:07.2959341Z Receiving objects:  24% (573/2386)
build-and-test	UNKNOWN STEP	2025-10-27T15:10:07.2963532Z Receiving objects:  25% (597/2386)
build-and-test	UNKNOWN STEP	2025-10-27T15:10:07.2963944Z Receiving objects:  26% (621/2386)
build-and-test	UNKNOWN STEP	2025-10-27T15:10:07.2965156Z Receiving objects:  27% (645/2386)
build-and-test	UNKNOWN STEP	2025-10-27T15:10:07.2966103Z Receiving objects:  28% (669/2386)
build-and-test	UNKNOWN STEP	2025-10-27T15:10:07.2967158Z Receiving objects:  29% (692/2386)
build-and-test	UNKNOWN STEP	2025-10-27T15:10:07.2968029Z Receiving objects:  30% (716/2386)
build-and-test	UNKNOWN STEP	2025-10-27T15:10:07.2968824Z Receiving objects:  31% (740/2386)
build-and-test	UNKNOWN STEP	2025-10-27T15:10:07.2969287Z Receiving objects:  32% (764/2386)
build-and-test	UNKNOWN STEP	2025-10-27T15:10:07.2970604Z Receiving objects:  33% (788/2386)
build-and-test	UNKNOWN STEP	2025-10-27T15:10:07.2970994Z Receiving objects:  34% (812/2386)
build-and-test	UNKNOWN STEP	2025-10-27T15:10:07.2971363Z Receiving objects:  35% (836/2386)
build-and-test	UNKNOWN STEP	2025-10-27T15:10:07.2971740Z Receiving objects:  36% (859/2386)
build-and-test	UNKNOWN STEP	2025-10-27T15:10:07.2972105Z Receiving objects:  37% (883/2386)
build-and-test	UNKNOWN STEP	2025-10-27T15:10:07.2973377Z Receiving objects:  38% (907/2386)
build-and-test	UNKNOWN STEP	2025-10-27T15:10:07.2973978Z Receiving objects:  39% (931/2386)
build-and-test	UNKNOWN STEP	2025-10-27T15:10:07.2975088Z Receiving objects:  40% (955/2386)
build-and-test	UNKNOWN STEP	2025-10-27T15:10:07.2975639Z Receiving objects:  41% (979/2386)
build-and-test	UNKNOWN STEP	2025-10-27T15:10:07.2976330Z Receiving objects:  42% (1003/2386)
build-and-test	UNKNOWN STEP	2025-10-27T15:10:07.2978661Z Receiving objects:  43% (1026/2386)
build-and-test	UNKNOWN STEP	2025-10-27T15:10:07.2982105Z Receiving objects:  44% (1050/2386)
build-and-test	UNKNOWN STEP	2025-10-27T15:10:07.3073220Z Receiving objects:  45% (1074/2386)
build-and-test	UNKNOWN STEP	2025-10-27T15:10:07.3077935Z Receiving objects:  46% (1098/2386)
build-and-test	UNKNOWN STEP	2025-10-27T15:10:07.3082607Z Receiving objects:  47% (1122/2386)
build-and-test	UNKNOWN STEP	2025-10-27T15:10:07.3094358Z Receiving objects:  48% (1146/2386)
build-and-test	UNKNOWN STEP	2025-10-27T15:10:07.3094897Z Receiving objects:  49% (1170/2386)
build-and-test	UNKNOWN STEP	2025-10-27T15:10:07.3095485Z Receiving objects:  50% (1193/2386)
build-and-test	UNKNOWN STEP	2025-10-27T15:10:07.3096448Z Receiving objects:  51% (1217/2386)
build-and-test	UNKNOWN STEP	2025-10-27T15:10:07.3096826Z Receiving objects:  52% (1241/2386)
build-and-test	UNKNOWN STEP	2025-10-27T15:10:07.3097215Z Receiving objects:  53% (1265/2386)
build-and-test	UNKNOWN STEP	2025-10-27T15:10:07.3097587Z Receiving objects:  54% (1289/2386)
build-and-test	UNKNOWN STEP	2025-10-27T15:10:07.3097971Z Receiving objects:  55% (1313/2386)
build-and-test	UNKNOWN STEP	2025-10-27T15:10:07.3098338Z Receiving objects:  56% (1337/2386)
build-and-test	UNKNOWN STEP	2025-10-27T15:10:07.3098710Z Receiving objects:  57% (1361/2386)
build-and-test	UNKNOWN STEP	2025-10-27T15:10:07.3099084Z Receiving objects:  58% (1384/2386)
build-and-test	UNKNOWN STEP	2025-10-27T15:10:07.3099464Z Receiving objects:  59% (1408/2386)
build-and-test	UNKNOWN STEP	2025-10-27T15:10:07.3100051Z Receiving objects:  60% (1432/2386)
build-and-test	UNKNOWN STEP	2025-10-27T15:10:07.3100432Z Receiving objects:  61% (1456/2386)
build-and-test	UNKNOWN STEP	2025-10-27T15:10:07.3100825Z Receiving objects:  62% (1480/2386)
build-and-test	UNKNOWN STEP	2025-10-27T15:10:07.3101225Z Receiving objects:  63% (1504/2386)
build-and-test	UNKNOWN STEP	2025-10-27T15:10:07.3101605Z Receiving objects:  64% (1528/2386)
build-and-test	UNKNOWN STEP	2025-10-27T15:10:07.3101980Z Receiving objects:  65% (1551/2386)
build-and-test	UNKNOWN STEP	2025-10-27T15:10:07.3102516Z Receiving objects:  66% (1575/2386)
build-and-test	UNKNOWN STEP	2025-10-27T15:10:07.3102903Z Receiving objects:  67% (1599/2386)
build-and-test	UNKNOWN STEP	2025-10-27T15:10:07.3103281Z Receiving objects:  68% (1623/2386)
build-and-test	UNKNOWN STEP	2025-10-27T15:10:07.3103901Z Receiving objects:  69% (1647/2386)
build-and-test	UNKNOWN STEP	2025-10-27T15:10:07.3104277Z Receiving objects:  70% (1671/2386)
build-and-test	UNKNOWN STEP	2025-10-27T15:10:07.3104662Z Receiving objects:  71% (1695/2386)
build-and-test	UNKNOWN STEP	2025-10-27T15:10:07.3109729Z Receiving objects:  72% (1718/2386)
build-and-test	UNKNOWN STEP	2025-10-27T15:10:07.3119378Z Receiving objects:  73% (1742/2386)
build-and-test	UNKNOWN STEP	2025-10-27T15:10:07.3126502Z Receiving objects:  74% (1766/2386)
build-and-test	UNKNOWN STEP	2025-10-27T15:10:07.3132551Z Receiving objects:  75% (1790/2386)
build-and-test	UNKNOWN STEP	2025-10-27T15:10:07.3140062Z Receiving objects:  76% (1814/2386)
build-and-test	UNKNOWN STEP	2025-10-27T15:10:07.3144244Z Receiving objects:  77% (1838/2386)
build-and-test	UNKNOWN STEP	2025-10-27T15:10:07.3145697Z Receiving objects:  78% (1862/2386)
build-and-test	UNKNOWN STEP	2025-10-27T15:10:07.3149822Z Receiving objects:  79% (1885/2386)
build-and-test	UNKNOWN STEP	2025-10-27T15:10:07.3153068Z Receiving objects:  80% (1909/2386)
build-and-test	UNKNOWN STEP	2025-10-27T15:10:07.3156636Z Receiving objects:  81% (1933/2386)
build-and-test	UNKNOWN STEP	2025-10-27T15:10:07.3157775Z Receiving objects:  82% (1957/2386)
build-and-test	UNKNOWN STEP	2025-10-27T15:10:07.3159787Z Receiving objects:  83% (1981/2386)
build-and-test	UNKNOWN STEP	2025-10-27T15:10:07.3160571Z Receiving objects:  84% (2005/2386)
build-and-test	UNKNOWN STEP	2025-10-27T15:10:07.3163538Z Receiving objects:  85% (2029/2386)
build-and-test	UNKNOWN STEP	2025-10-27T15:10:07.3164468Z Receiving objects:  86% (2052/2386)
build-and-test	UNKNOWN STEP	2025-10-27T15:10:07.3167470Z Receiving objects:  87% (2076/2386)
build-and-test	UNKNOWN STEP	2025-10-27T15:10:07.3169825Z Receiving objects:  88% (2100/2386)
build-and-test	UNKNOWN STEP	2025-10-27T15:10:07.3170781Z Receiving objects:  89% (2124/2386)
build-and-test	UNKNOWN STEP	2025-10-27T15:10:07.3172755Z Receiving objects:  90% (2148/2386)
build-and-test	UNKNOWN STEP	2025-10-27T15:10:07.3173269Z Receiving objects:  91% (2172/2386)
build-and-test	UNKNOWN STEP	2025-10-27T15:10:07.3175198Z Receiving objects:  92% (2196/2386)
build-and-test	UNKNOWN STEP	2025-10-27T15:10:07.3179968Z Receiving objects:  93% (2219/2386)
build-and-test	UNKNOWN STEP	2025-10-27T15:10:07.3184457Z Receiving objects:  94% (2243/2386)
build-and-test	UNKNOWN STEP	2025-10-27T15:10:07.3186801Z Receiving objects:  95% (2267/2386)
build-and-test	UNKNOWN STEP	2025-10-27T15:10:07.3191010Z Receiving objects:  96% (2291/2386)
build-and-test	UNKNOWN STEP	2025-10-27T15:10:07.3191722Z remote: Total 2386 (delta 1098), reused 1016 (delta 984), pack-reused 1161 (from 3)        
build-and-test	UNKNOWN STEP	2025-10-27T15:10:07.3213413Z Receiving objects:  97% (2315/2386)
build-and-test	UNKNOWN STEP	2025-10-27T15:10:07.3213980Z Receiving objects:  98% (2339/2386)
build-and-test	UNKNOWN STEP	2025-10-27T15:10:07.3214415Z Receiving objects:  99% (2363/2386)
build-and-test	UNKNOWN STEP	2025-10-27T15:10:07.3214806Z Receiving objects: 100% (2386/2386)
build-and-test	UNKNOWN STEP	2025-10-27T15:10:07.3215290Z Receiving objects: 100% (2386/2386), 838.86 KiB | 9.32 MiB/s, done.
build-and-test	UNKNOWN STEP	2025-10-27T15:10:07.3224800Z Resolving deltas:   0% (0/1585)
build-and-test	UNKNOWN STEP	2025-10-27T15:10:07.3229586Z Resolving deltas:   1% (16/1585)
build-and-test	UNKNOWN STEP	2025-10-27T15:10:07.3232543Z Resolving deltas:   2% (32/1585)
build-and-test	UNKNOWN STEP	2025-10-27T15:10:07.3236199Z Resolving deltas:   3% (48/1585)
build-and-test	UNKNOWN STEP	2025-10-27T15:10:07.3239322Z Resolving deltas:   4% (64/1585)
build-and-test	UNKNOWN STEP	2025-10-27T15:10:07.3241458Z Resolving deltas:   5% (80/1585)
build-and-test	UNKNOWN STEP	2025-10-27T15:10:07.3242696Z Resolving deltas:   6% (96/1585)
build-and-test	UNKNOWN STEP	2025-10-27T15:10:07.3244513Z Resolving deltas:   7% (111/1585)
build-and-test	UNKNOWN STEP	2025-10-27T15:10:07.3245330Z Resolving deltas:   8% (127/1585)
build-and-test	UNKNOWN STEP	2025-10-27T15:10:07.3250147Z Resolving deltas:   9% (143/1585)
build-and-test	UNKNOWN STEP	2025-10-27T15:10:07.3254142Z Resolving deltas:  10% (159/1585)
build-and-test	UNKNOWN STEP	2025-10-27T15:10:07.3255155Z Resolving deltas:  11% (175/1585)
build-and-test	UNKNOWN STEP	2025-10-27T15:10:07.3256354Z Resolving deltas:  12% (192/1585)
build-and-test	UNKNOWN STEP	2025-10-27T15:10:07.3269495Z Resolving deltas:  13% (207/1585)
build-and-test	UNKNOWN STEP	2025-10-27T15:10:07.3274199Z Resolving deltas:  14% (222/1585)
build-and-test	UNKNOWN STEP	2025-10-27T15:10:07.3274857Z Resolving deltas:  15% (238/1585)
build-and-test	UNKNOWN STEP	2025-10-27T15:10:07.3276778Z Resolving deltas:  16% (254/1585)
build-and-test	UNKNOWN STEP	2025-10-27T15:10:07.3278840Z Resolving deltas:  17% (270/1585)
build-and-test	UNKNOWN STEP	2025-10-27T15:10:07.3280116Z Resolving deltas:  18% (286/1585)
build-and-test	UNKNOWN STEP	2025-10-27T15:10:07.3280969Z Resolving deltas:  19% (303/1585)
build-and-test	UNKNOWN STEP	2025-10-27T15:10:07.3282506Z Resolving deltas:  20% (317/1585)
build-and-test	UNKNOWN STEP	2025-10-27T15:10:07.3286063Z Resolving deltas:  21% (333/1585)
build-and-test	UNKNOWN STEP	2025-10-27T15:10:07.3286511Z Resolving deltas:  22% (349/1585)
build-and-test	UNKNOWN STEP	2025-10-27T15:10:07.3286905Z Resolving deltas:  23% (365/1585)
build-and-test	UNKNOWN STEP	2025-10-27T15:10:07.3287294Z Resolving deltas:  24% (381/1585)
build-and-test	UNKNOWN STEP	2025-10-27T15:10:07.3287657Z Resolving deltas:  25% (397/1585)
build-and-test	UNKNOWN STEP	2025-10-27T15:10:07.3288136Z Resolving deltas:  26% (413/1585)
build-and-test	UNKNOWN STEP	2025-10-27T15:10:07.3289592Z Resolving deltas:  27% (428/1585)
build-and-test	UNKNOWN STEP	2025-10-27T15:10:07.3290006Z Resolving deltas:  28% (444/1585)
build-and-test	UNKNOWN STEP	2025-10-27T15:10:07.3292684Z Resolving deltas:  29% (460/1585)
build-and-test	UNKNOWN STEP	2025-10-27T15:10:07.3296246Z Resolving deltas:  30% (476/1585)
build-and-test	UNKNOWN STEP	2025-10-27T15:10:07.3296978Z Resolving deltas:  31% (492/1585)
build-and-test	UNKNOWN STEP	2025-10-27T15:10:07.3300517Z Resolving deltas:  32% (509/1585)
build-and-test	UNKNOWN STEP	2025-10-27T15:10:07.3301102Z Resolving deltas:  33% (524/1585)
build-and-test	UNKNOWN STEP	2025-10-27T15:10:07.3303030Z Resolving deltas:  34% (539/1585)
build-and-test	UNKNOWN STEP	2025-10-27T15:10:07.3304310Z Resolving deltas:  35% (555/1585)
build-and-test	UNKNOWN STEP	2025-10-27T15:10:07.3304960Z Resolving deltas:  36% (571/1585)
build-and-test	UNKNOWN STEP	2025-10-27T15:10:07.3306718Z Resolving deltas:  37% (587/1585)
build-and-test	UNKNOWN STEP	2025-10-27T15:10:07.3307605Z Resolving deltas:  38% (603/1585)
build-and-test	UNKNOWN STEP	2025-10-27T15:10:07.3308751Z Resolving deltas:  39% (619/1585)
build-and-test	UNKNOWN STEP	2025-10-27T15:10:07.3309755Z Resolving deltas:  40% (634/1585)
build-and-test	UNKNOWN STEP	2025-10-27T15:10:07.3310712Z Resolving deltas:  41% (650/1585)
build-and-test	UNKNOWN STEP	2025-10-27T15:10:07.3311723Z Resolving deltas:  42% (666/1585)
build-and-test	UNKNOWN STEP	2025-10-27T15:10:07.3312957Z Resolving deltas:  43% (682/1585)
build-and-test	UNKNOWN STEP	2025-10-27T15:10:07.3313692Z Resolving deltas:  44% (698/1585)
build-and-test	UNKNOWN STEP	2025-10-27T15:10:07.3314743Z Resolving deltas:  45% (714/1585)
build-and-test	UNKNOWN STEP	2025-10-27T15:10:07.3315750Z Resolving deltas:  46% (730/1585)
build-and-test	UNKNOWN STEP	2025-10-27T15:10:07.3316460Z Resolving deltas:  47% (745/1585)
build-and-test	UNKNOWN STEP	2025-10-27T15:10:07.3317355Z Resolving deltas:  48% (761/1585)
build-and-test	UNKNOWN STEP	2025-10-27T15:10:07.3318214Z Resolving deltas:  49% (777/1585)
build-and-test	UNKNOWN STEP	2025-10-27T15:10:07.3319041Z Resolving deltas:  50% (793/1585)
build-and-test	UNKNOWN STEP	2025-10-27T15:10:07.3319837Z Resolving deltas:  51% (810/1585)
build-and-test	UNKNOWN STEP	2025-10-27T15:10:07.3321301Z Resolving deltas:  52% (825/1585)
build-and-test	UNKNOWN STEP	2025-10-27T15:10:07.3321803Z Resolving deltas:  53% (841/1585)
build-and-test	UNKNOWN STEP	2025-10-27T15:10:07.3322850Z Resolving deltas:  54% (856/1585)
build-and-test	UNKNOWN STEP	2025-10-27T15:10:07.3325110Z Resolving deltas:  55% (872/1585)
build-and-test	UNKNOWN STEP	2025-10-27T15:10:07.3325624Z Resolving deltas:  56% (888/1585)
build-and-test	UNKNOWN STEP	2025-10-27T15:10:07.3326052Z Resolving deltas:  57% (904/1585)
build-and-test	UNKNOWN STEP	2025-10-27T15:10:07.3326485Z Resolving deltas:  58% (920/1585)
build-and-test	UNKNOWN STEP	2025-10-27T15:10:07.3326993Z Resolving deltas:  59% (936/1585)
build-and-test	UNKNOWN STEP	2025-10-27T15:10:07.3327908Z Resolving deltas:  60% (952/1585)
build-and-test	UNKNOWN STEP	2025-10-27T15:10:07.3329309Z Resolving deltas:  61% (967/1585)
build-and-test	UNKNOWN STEP	2025-10-27T15:10:07.3329808Z Resolving deltas:  62% (983/1585)
build-and-test	UNKNOWN STEP	2025-10-27T15:10:07.3330610Z Resolving deltas:  63% (999/1585)
build-and-test	UNKNOWN STEP	2025-10-27T15:10:07.3334069Z Resolving deltas:  64% (1015/1585)
build-and-test	UNKNOWN STEP	2025-10-27T15:10:07.3336026Z Resolving deltas:  65% (1031/1585)
build-and-test	UNKNOWN STEP	2025-10-27T15:10:07.3336498Z Resolving deltas:  66% (1047/1585)
build-and-test	UNKNOWN STEP	2025-10-27T15:10:07.3341541Z Resolving deltas:  67% (1062/1585)
build-and-test	UNKNOWN STEP	2025-10-27T15:10:07.3343802Z Resolving deltas:  68% (1078/1585)
build-and-test	UNKNOWN STEP	2025-10-27T15:10:07.3349295Z Resolving deltas:  69% (1094/1585)
build-and-test	UNKNOWN STEP	2025-10-27T15:10:07.3353060Z Resolving deltas:  70% (1110/1585)
build-and-test	UNKNOWN STEP	2025-10-27T15:10:07.3372715Z Resolving deltas:  71% (1126/1585)
build-and-test	UNKNOWN STEP	2025-10-27T15:10:07.3373457Z Resolving deltas:  72% (1142/1585)
build-and-test	UNKNOWN STEP	2025-10-27T15:10:07.3379122Z Resolving deltas:  73% (1158/1585)
build-and-test	UNKNOWN STEP	2025-10-27T15:10:07.3387214Z Resolving deltas:  74% (1173/1585)
build-and-test	UNKNOWN STEP	2025-10-27T15:10:07.3391640Z Resolving deltas:  75% (1189/1585)
build-and-test	UNKNOWN STEP	2025-10-27T15:10:07.3397894Z Resolving deltas:  76% (1205/1585)
build-and-test	UNKNOWN STEP	2025-10-27T15:10:07.3405506Z Resolving deltas:  77% (1221/1585)
build-and-test	UNKNOWN STEP	2025-10-27T15:10:07.3412967Z Resolving deltas:  78% (1237/1585)
build-and-test	UNKNOWN STEP	2025-10-27T15:10:07.3421171Z Resolving deltas:  79% (1253/1585)
build-and-test	UNKNOWN STEP	2025-10-27T15:10:07.3428232Z Resolving deltas:  80% (1268/1585)
build-and-test	UNKNOWN STEP	2025-10-27T15:10:07.3440143Z Resolving deltas:  81% (1284/1585)
build-and-test	UNKNOWN STEP	2025-10-27T15:10:07.3455923Z Resolving deltas:  82% (1300/1585)
build-and-test	UNKNOWN STEP	2025-10-27T15:10:07.3467378Z Resolving deltas:  83% (1316/1585)
build-and-test	UNKNOWN STEP	2025-10-27T15:10:07.3474510Z Resolving deltas:  84% (1332/1585)
build-and-test	UNKNOWN STEP	2025-10-27T15:10:07.3478771Z Resolving deltas:  85% (1348/1585)
build-and-test	UNKNOWN STEP	2025-10-27T15:10:07.3487059Z Resolving deltas:  86% (1364/1585)
build-and-test	UNKNOWN STEP	2025-10-27T15:10:07.3490615Z Resolving deltas:  87% (1379/1585)
build-and-test	UNKNOWN STEP	2025-10-27T15:10:07.3493460Z Resolving deltas:  88% (1395/1585)
build-and-test	UNKNOWN STEP	2025-10-27T15:10:07.3499400Z Resolving deltas:  89% (1411/1585)
build-and-test	UNKNOWN STEP	2025-10-27T15:10:07.3507916Z Resolving deltas:  90% (1427/1585)
build-and-test	UNKNOWN STEP	2025-10-27T15:10:07.3514603Z Resolving deltas:  91% (1443/1585)
build-and-test	UNKNOWN STEP	2025-10-27T15:10:07.3520742Z Resolving deltas:  92% (1459/1585)
build-and-test	UNKNOWN STEP	2025-10-27T15:10:07.3528146Z Resolving deltas:  93% (1475/1585)
build-and-test	UNKNOWN STEP	2025-10-27T15:10:07.3533025Z Resolving deltas:  94% (1490/1585)
build-and-test	UNKNOWN STEP	2025-10-27T15:10:07.3536025Z Resolving deltas:  95% (1507/1585)
build-and-test	UNKNOWN STEP	2025-10-27T15:10:07.3538207Z Resolving deltas:  96% (1522/1585)
build-and-test	UNKNOWN STEP	2025-10-27T15:10:07.3541814Z Resolving deltas:  97% (1539/1585)
build-and-test	UNKNOWN STEP	2025-10-27T15:10:07.3550558Z Resolving deltas:  98% (1554/1585)
build-and-test	UNKNOWN STEP	2025-10-27T15:10:07.3559132Z Resolving deltas:  99% (1571/1585)
build-and-test	UNKNOWN STEP	2025-10-27T15:10:07.3559534Z Resolving deltas: 100% (1585/1585)
build-and-test	UNKNOWN STEP	2025-10-27T15:10:07.3559920Z Resolving deltas: 100% (1585/1585), done.
build-and-test	UNKNOWN STEP	2025-10-27T15:10:07.3880221Z Submodule 'lib/ds-test' (https://github.com/dapphub/ds-test) registered for path 'lib/forge-std/lib/ds-test'
build-and-test	UNKNOWN STEP	2025-10-27T15:10:07.3905846Z Cloning into '/home/runner/work/1kUSD/1kUSD/lib/openzeppelin-contracts/lib/forge-std/lib/ds-test'...
build-and-test	UNKNOWN STEP	2025-10-27T15:10:07.8289351Z remote: Enumerating objects: 313, done.        
build-and-test	UNKNOWN STEP	2025-10-27T15:10:07.8290011Z remote: Counting objects:   0% (1/171)        
build-and-test	UNKNOWN STEP	2025-10-27T15:10:07.8290454Z remote: Counting objects:   1% (2/171)        
build-and-test	UNKNOWN STEP	2025-10-27T15:10:07.8290869Z remote: Counting objects:   2% (4/171)        
build-and-test	UNKNOWN STEP	2025-10-27T15:10:07.8291293Z remote: Counting objects:   3% (6/171)        
build-and-test	UNKNOWN STEP	2025-10-27T15:10:07.8291698Z remote: Counting objects:   4% (7/171)        
build-and-test	UNKNOWN STEP	2025-10-27T15:10:07.8292188Z remote: Counting objects:   5% (9/171)        
build-and-test	UNKNOWN STEP	2025-10-27T15:10:07.8293002Z remote: Counting objects:   6% (11/171)        
build-and-test	UNKNOWN STEP	2025-10-27T15:10:07.8293461Z remote: Counting objects:   7% (12/171)        
build-and-test	UNKNOWN STEP	2025-10-27T15:10:07.8293879Z remote: Counting objects:   8% (14/171)        
build-and-test	UNKNOWN STEP	2025-10-27T15:10:07.8294547Z remote: Counting objects:   9% (16/171)        
build-and-test	UNKNOWN STEP	2025-10-27T15:10:07.8294882Z remote: Counting objects:  10% (18/171)        
build-and-test	UNKNOWN STEP	2025-10-27T15:10:07.8295209Z remote: Counting objects:  11% (19/171)        
build-and-test	UNKNOWN STEP	2025-10-27T15:10:07.8295540Z remote: Counting objects:  12% (21/171)        
build-and-test	UNKNOWN STEP	2025-10-27T15:10:07.8295867Z remote: Counting objects:  13% (23/171)        
build-and-test	UNKNOWN STEP	2025-10-27T15:10:07.8296200Z remote: Counting objects:  14% (24/171)        
build-and-test	UNKNOWN STEP	2025-10-27T15:10:07.8296527Z remote: Counting objects:  15% (26/171)        
build-and-test	UNKNOWN STEP	2025-10-27T15:10:07.8296857Z remote: Counting objects:  16% (28/171)        
build-and-test	UNKNOWN STEP	2025-10-27T15:10:07.8297183Z remote: Counting objects:  17% (30/171)        
build-and-test	UNKNOWN STEP	2025-10-27T15:10:07.8297519Z remote: Counting objects:  18% (31/171)        
build-and-test	UNKNOWN STEP	2025-10-27T15:10:07.8297853Z remote: Counting objects:  19% (33/171)        
build-and-test	UNKNOWN STEP	2025-10-27T15:10:07.8298179Z remote: Counting objects:  20% (35/171)        
build-and-test	UNKNOWN STEP	2025-10-27T15:10:07.8298516Z remote: Counting objects:  21% (36/171)        
build-and-test	UNKNOWN STEP	2025-10-27T15:10:07.8299351Z remote: Counting objects:  22% (38/171)        
build-and-test	UNKNOWN STEP	2025-10-27T15:10:07.8299695Z remote: Counting objects:  23% (40/171)        
build-and-test	UNKNOWN STEP	2025-10-27T15:10:07.8300212Z remote: Counting objects:  24% (42/171)        
build-and-test	UNKNOWN STEP	2025-10-27T15:10:07.8300746Z remote: Counting objects:  25% (43/171)        
build-and-test	UNKNOWN STEP	2025-10-27T15:10:07.8301297Z remote: Counting objects:  26% (45/171)        
build-and-test	UNKNOWN STEP	2025-10-27T15:10:07.8301865Z remote: Counting objects:  27% (47/171)        
build-and-test	UNKNOWN STEP	2025-10-27T15:10:07.8302537Z remote: Counting objects:  28% (48/171)        
build-and-test	UNKNOWN STEP	2025-10-27T15:10:07.8302873Z remote: Counting objects:  29% (50/171)        
build-and-test	UNKNOWN STEP	2025-10-27T15:10:07.8303202Z remote: Counting objects:  30% (52/171)        
build-and-test	UNKNOWN STEP	2025-10-27T15:10:07.8303536Z remote: Counting objects:  31% (54/171)        
build-and-test	UNKNOWN STEP	2025-10-27T15:10:07.8303868Z remote: Counting objects:  32% (55/171)        
build-and-test	UNKNOWN STEP	2025-10-27T15:10:07.8304205Z remote: Counting objects:  33% (57/171)        
build-and-test	UNKNOWN STEP	2025-10-27T15:10:07.8304723Z remote: Counting objects:  34% (59/171)        
build-and-test	UNKNOWN STEP	2025-10-27T15:10:07.8304981Z remote: Counting objects:  35% (60/171)        
build-and-test	UNKNOWN STEP	2025-10-27T15:10:07.8305237Z remote: Counting objects:  36% (62/171)        
build-and-test	UNKNOWN STEP	2025-10-27T15:10:07.8305482Z remote: Counting objects:  37% (64/171)        
build-and-test	UNKNOWN STEP	2025-10-27T15:10:07.8305734Z remote: Counting objects:  38% (65/171)        
build-and-test	UNKNOWN STEP	2025-10-27T15:10:07.8305980Z remote: Counting objects:  39% (67/171)        
build-and-test	UNKNOWN STEP	2025-10-27T15:10:07.8306228Z remote: Counting objects:  40% (69/171)        
build-and-test	UNKNOWN STEP	2025-10-27T15:10:07.8306474Z remote: Counting objects:  41% (71/171)        
build-and-test	UNKNOWN STEP	2025-10-27T15:10:07.8306715Z remote: Counting objects:  42% (72/171)        
build-and-test	UNKNOWN STEP	2025-10-27T15:10:07.8306966Z remote: Counting objects:  43% (74/171)        
build-and-test	UNKNOWN STEP	2025-10-27T15:10:07.8307212Z remote: Counting objects:  44% (76/171)        
build-and-test	UNKNOWN STEP	2025-10-27T15:10:07.8307462Z remote: Counting objects:  45% (77/171)        
build-and-test	UNKNOWN STEP	2025-10-27T15:10:07.8307708Z remote: Counting objects:  46% (79/171)        
build-and-test	UNKNOWN STEP	2025-10-27T15:10:07.8307965Z remote: Counting objects:  47% (81/171)        
build-and-test	UNKNOWN STEP	2025-10-27T15:10:07.8308211Z remote: Counting objects:  48% (83/171)        
build-and-test	UNKNOWN STEP	2025-10-27T15:10:07.8308466Z remote: Counting objects:  49% (84/171)        
build-and-test	UNKNOWN STEP	2025-10-27T15:10:07.8308717Z remote: Counting objects:  50% (86/171)        
build-and-test	UNKNOWN STEP	2025-10-27T15:10:07.8308968Z remote: Counting objects:  51% (88/171)        
build-and-test	UNKNOWN STEP	2025-10-27T15:10:07.8309222Z remote: Counting objects:  52% (89/171)        
build-and-test	UNKNOWN STEP	2025-10-27T15:10:07.8309734Z remote: Counting objects:  53% (91/171)        
build-and-test	UNKNOWN STEP	2025-10-27T15:10:07.8310400Z remote: Counting objects:  54% (93/171)        
build-and-test	UNKNOWN STEP	2025-10-27T15:10:07.8310816Z remote: Counting objects:  55% (95/171)        
build-and-test	UNKNOWN STEP	2025-10-27T15:10:07.8311267Z remote: Counting objects:  56% (96/171)        
build-and-test	UNKNOWN STEP	2025-10-27T15:10:07.8311694Z remote: Counting objects:  57% (98/171)        
build-and-test	UNKNOWN STEP	2025-10-27T15:10:07.8312010Z remote: Counting objects:  58% (100/171)        
build-and-test	UNKNOWN STEP	2025-10-27T15:10:07.8312479Z remote: Counting objects:  59% (101/171)        
build-and-test	UNKNOWN STEP	2025-10-27T15:10:07.8312743Z remote: Counting objects:  60% (103/171)        
build-and-test	UNKNOWN STEP	2025-10-27T15:10:07.8313052Z remote: Counting objects:  61% (105/171)        
build-and-test	UNKNOWN STEP	2025-10-27T15:10:07.8313466Z remote: Counting objects:  62% (107/171)        
build-and-test	UNKNOWN STEP	2025-10-27T15:10:07.8313716Z remote: Counting objects:  63% (108/171)        
build-and-test	UNKNOWN STEP	2025-10-27T15:10:07.8313976Z remote: Counting objects:  64% (110/171)        
build-and-test	UNKNOWN STEP	2025-10-27T15:10:07.8314224Z remote: Counting objects:  65% (112/171)        
build-and-test	UNKNOWN STEP	2025-10-27T15:10:07.8314477Z remote: Counting objects:  66% (113/171)        
build-and-test	UNKNOWN STEP	2025-10-27T15:10:07.8314724Z remote: Counting objects:  67% (115/171)        
build-and-test	UNKNOWN STEP	2025-10-27T15:10:07.8314981Z remote: Counting objects:  68% (117/171)        
build-and-test	UNKNOWN STEP	2025-10-27T15:10:07.8315234Z remote: Counting objects:  69% (118/171)        
build-and-test	UNKNOWN STEP	2025-10-27T15:10:07.8315488Z remote: Counting objects:  70% (120/171)        
build-and-test	UNKNOWN STEP	2025-10-27T15:10:07.8315745Z remote: Counting objects:  71% (122/171)        
build-and-test	UNKNOWN STEP	2025-10-27T15:10:07.8315999Z remote: Counting objects:  72% (124/171)        
build-and-test	UNKNOWN STEP	2025-10-27T15:10:07.8316254Z remote: Counting objects:  73% (125/171)        
build-and-test	UNKNOWN STEP	2025-10-27T15:10:07.8316506Z remote: Counting objects:  74% (127/171)        
build-and-test	UNKNOWN STEP	2025-10-27T15:10:07.8316772Z remote: Counting objects:  75% (129/171)        
build-and-test	UNKNOWN STEP	2025-10-27T15:10:07.8317020Z remote: Counting objects:  76% (130/171)        
build-and-test	UNKNOWN STEP	2025-10-27T15:10:07.8317274Z remote: Counting objects:  77% (132/171)        
build-and-test	UNKNOWN STEP	2025-10-27T15:10:07.8317522Z remote: Counting objects:  78% (134/171)        
build-and-test	UNKNOWN STEP	2025-10-27T15:10:07.8317776Z remote: Counting objects:  79% (136/171)        
build-and-test	UNKNOWN STEP	2025-10-27T15:10:07.8318030Z remote: Counting objects:  80% (137/171)        
build-and-test	UNKNOWN STEP	2025-10-27T15:10:07.8318275Z remote: Counting objects:  81% (139/171)        
build-and-test	UNKNOWN STEP	2025-10-27T15:10:07.8318532Z remote: Counting objects:  82% (141/171)        
build-and-test	UNKNOWN STEP	2025-10-27T15:10:07.8318782Z remote: Counting objects:  83% (142/171)        
build-and-test	UNKNOWN STEP	2025-10-27T15:10:07.8319036Z remote: Counting objects:  84% (144/171)        
build-and-test	UNKNOWN STEP	2025-10-27T15:10:07.8319282Z remote: Counting objects:  85% (146/171)        
build-and-test	UNKNOWN STEP	2025-10-27T15:10:07.8319533Z remote: Counting objects:  86% (148/171)        
build-and-test	UNKNOWN STEP	2025-10-27T15:10:07.8319884Z remote: Counting objects:  87% (149/171)        
build-and-test	UNKNOWN STEP	2025-10-27T15:10:07.8320138Z remote: Counting objects:  88% (151/171)        
build-and-test	UNKNOWN STEP	2025-10-27T15:10:07.8320396Z remote: Counting objects:  89% (153/171)        
build-and-test	UNKNOWN STEP	2025-10-27T15:10:07.8320642Z remote: Counting objects:  90% (154/171)        
build-and-test	UNKNOWN STEP	2025-10-27T15:10:07.8320893Z remote: Counting objects:  91% (156/171)        
build-and-test	UNKNOWN STEP	2025-10-27T15:10:07.8321137Z remote: Counting objects:  92% (158/171)        
build-and-test	UNKNOWN STEP	2025-10-27T15:10:07.8321390Z remote: Counting objects:  93% (160/171)        
build-and-test	UNKNOWN STEP	2025-10-27T15:10:07.8321638Z remote: Counting objects:  94% (161/171)        
build-and-test	UNKNOWN STEP	2025-10-27T15:10:07.8321891Z remote: Counting objects:  95% (163/171)        
build-and-test	UNKNOWN STEP	2025-10-27T15:10:07.8322137Z remote: Counting objects:  96% (165/171)        
build-and-test	UNKNOWN STEP	2025-10-27T15:10:07.8322624Z remote: Counting objects:  97% (166/171)        
build-and-test	UNKNOWN STEP	2025-10-27T15:10:07.8322880Z remote: Counting objects:  98% (168/171)        
build-and-test	UNKNOWN STEP	2025-10-27T15:10:07.8323126Z remote: Counting objects:  99% (170/171)        
build-and-test	UNKNOWN STEP	2025-10-27T15:10:07.8323383Z remote: Counting objects: 100% (171/171)        
build-and-test	UNKNOWN STEP	2025-10-27T15:10:07.8323669Z remote: Counting objects: 100% (171/171), done.        
build-and-test	UNKNOWN STEP	2025-10-27T15:10:07.8323968Z remote: Compressing objects:   1% (1/79)        
build-and-test	UNKNOWN STEP	2025-10-27T15:10:07.8324230Z remote: Compressing objects:   2% (2/79)        
build-and-test	UNKNOWN STEP	2025-10-27T15:10:07.8324490Z remote: Compressing objects:   3% (3/79)        
build-and-test	UNKNOWN STEP	2025-10-27T15:10:07.8324745Z remote: Compressing objects:   5% (4/79)        
build-and-test	UNKNOWN STEP	2025-10-27T15:10:07.8325005Z remote: Compressing objects:   6% (5/79)        
build-and-test	UNKNOWN STEP	2025-10-27T15:10:07.8325264Z remote: Compressing objects:   7% (6/79)        
build-and-test	UNKNOWN STEP	2025-10-27T15:10:07.8325519Z remote: Compressing objects:   8% (7/79)        
build-and-test	UNKNOWN STEP	2025-10-27T15:10:07.8325780Z remote: Compressing objects:  10% (8/79)        
build-and-test	UNKNOWN STEP	2025-10-27T15:10:07.8326035Z remote: Compressing objects:  11% (9/79)        
build-and-test	UNKNOWN STEP	2025-10-27T15:10:07.8326302Z remote: Compressing objects:  12% (10/79)        
build-and-test	UNKNOWN STEP	2025-10-27T15:10:07.8326568Z remote: Compressing objects:  13% (11/79)        
build-and-test	UNKNOWN STEP	2025-10-27T15:10:07.8326843Z remote: Compressing objects:  15% (12/79)        
build-and-test	UNKNOWN STEP	2025-10-27T15:10:07.8327105Z remote: Compressing objects:  16% (13/79)        
build-and-test	UNKNOWN STEP	2025-10-27T15:10:07.8327491Z remote: Compressing objects:  17% (14/79)        
build-and-test	UNKNOWN STEP	2025-10-27T15:10:07.8327752Z remote: Compressing objects:  18% (15/79)        
build-and-test	UNKNOWN STEP	2025-10-27T15:10:07.8328006Z remote: Compressing objects:  20% (16/79)        
build-and-test	UNKNOWN STEP	2025-10-27T15:10:07.8328269Z remote: Compressing objects:  21% (17/79)        
build-and-test	UNKNOWN STEP	2025-10-27T15:10:07.8328526Z remote: Compressing objects:  22% (18/79)        
build-and-test	UNKNOWN STEP	2025-10-27T15:10:07.8328791Z remote: Compressing objects:  24% (19/79)        
build-and-test	UNKNOWN STEP	2025-10-27T15:10:07.8329048Z remote: Compressing objects:  25% (20/79)        
build-and-test	UNKNOWN STEP	2025-10-27T15:10:07.8329309Z remote: Compressing objects:  26% (21/79)        
build-and-test	UNKNOWN STEP	2025-10-27T15:10:07.8329571Z remote: Compressing objects:  27% (22/79)        
build-and-test	UNKNOWN STEP	2025-10-27T15:10:07.8329827Z remote: Compressing objects:  29% (23/79)        
build-and-test	UNKNOWN STEP	2025-10-27T15:10:07.8330087Z remote: Compressing objects:  30% (24/79)        
build-and-test	UNKNOWN STEP	2025-10-27T15:10:07.8330370Z remote: Compressing objects:  31% (25/79)        
build-and-test	UNKNOWN STEP	2025-10-27T15:10:07.8330624Z remote: Compressing objects:  32% (26/79)        
build-and-test	UNKNOWN STEP	2025-10-27T15:10:07.8330897Z remote: Compressing objects:  34% (27/79)        
build-and-test	UNKNOWN STEP	2025-10-27T15:10:07.8331176Z remote: Compressing objects:  35% (28/79)        
build-and-test	UNKNOWN STEP	2025-10-27T15:10:07.8331439Z remote: Compressing objects:  36% (29/79)        
build-and-test	UNKNOWN STEP	2025-10-27T15:10:07.8331704Z remote: Compressing objects:  37% (30/79)        
build-and-test	UNKNOWN STEP	2025-10-27T15:10:07.8331960Z remote: Compressing objects:  39% (31/79)        
build-and-test	UNKNOWN STEP	2025-10-27T15:10:07.8332370Z remote: Compressing objects:  40% (32/79)        
build-and-test	UNKNOWN STEP	2025-10-27T15:10:07.8332674Z remote: Compressing objects:  41% (33/79)        
build-and-test	UNKNOWN STEP	2025-10-27T15:10:07.8332943Z remote: Compressing objects:  43% (34/79)        
build-and-test	UNKNOWN STEP	2025-10-27T15:10:07.8333198Z remote: Compressing objects:  44% (35/79)        
build-and-test	UNKNOWN STEP	2025-10-27T15:10:07.8333459Z remote: Compressing objects:  45% (36/79)        
build-and-test	UNKNOWN STEP	2025-10-27T15:10:07.8333716Z remote: Compressing objects:  46% (37/79)        
build-and-test	UNKNOWN STEP	2025-10-27T15:10:07.8334096Z remote: Compressing objects:  48% (38/79)        
build-and-test	UNKNOWN STEP	2025-10-27T15:10:07.8334362Z remote: Compressing objects:  49% (39/79)        
build-and-test	UNKNOWN STEP	2025-10-27T15:10:07.8334621Z remote: Compressing objects:  50% (40/79)        
build-and-test	UNKNOWN STEP	2025-10-27T15:10:07.8334881Z remote: Compressing objects:  51% (41/79)        
build-and-test	UNKNOWN STEP	2025-10-27T15:10:07.8335137Z remote: Compressing objects:  53% (42/79)        
build-and-test	UNKNOWN STEP	2025-10-27T15:10:07.8335396Z remote: Compressing objects:  54% (43/79)        
build-and-test	UNKNOWN STEP	2025-10-27T15:10:07.8335652Z remote: Compressing objects:  55% (44/79)        
build-and-test	UNKNOWN STEP	2025-10-27T15:10:07.8335910Z remote: Compressing objects:  56% (45/79)        
build-and-test	UNKNOWN STEP	2025-10-27T15:10:07.8336171Z remote: Compressing objects:  58% (46/79)        
build-and-test	UNKNOWN STEP	2025-10-27T15:10:07.8336424Z remote: Compressing objects:  59% (47/79)        
build-and-test	UNKNOWN STEP	2025-10-27T15:10:07.8336684Z remote: Compressing objects:  60% (48/79)        
build-and-test	UNKNOWN STEP	2025-10-27T15:10:07.8336939Z remote: Compressing objects:  62% (49/79)        
build-and-test	UNKNOWN STEP	2025-10-27T15:10:07.8337200Z remote: Compressing objects:  63% (50/79)        
build-and-test	UNKNOWN STEP	2025-10-27T15:10:07.8337459Z remote: Compressing objects:  64% (51/79)        
build-and-test	UNKNOWN STEP	2025-10-27T15:10:07.8337719Z remote: Compressing objects:  65% (52/79)        
build-and-test	UNKNOWN STEP	2025-10-27T15:10:07.8337975Z remote: Compressing objects:  67% (53/79)        
build-and-test	UNKNOWN STEP	2025-10-27T15:10:07.8338235Z remote: Compressing objects:  68% (54/79)        
build-and-test	UNKNOWN STEP	2025-10-27T15:10:07.8338495Z remote: Compressing objects:  69% (55/79)        
build-and-test	UNKNOWN STEP	2025-10-27T15:10:07.8338749Z remote: Compressing objects:  70% (56/79)        
build-and-test	UNKNOWN STEP	2025-10-27T15:10:07.8339010Z remote: Compressing objects:  72% (57/79)        
build-and-test	UNKNOWN STEP	2025-10-27T15:10:07.8339263Z remote: Compressing objects:  73% (58/79)        
build-and-test	UNKNOWN STEP	2025-10-27T15:10:07.8339524Z remote: Compressing objects:  74% (59/79)        
build-and-test	UNKNOWN STEP	2025-10-27T15:10:07.8339778Z remote: Compressing objects:  75% (60/79)        
build-and-test	UNKNOWN STEP	2025-10-27T15:10:07.8340037Z remote: Compressing objects:  77% (61/79)        
build-and-test	UNKNOWN STEP	2025-10-27T15:10:07.8340298Z remote: Compressing objects:  78% (62/79)        
build-and-test	UNKNOWN STEP	2025-10-27T15:10:07.8340551Z remote: Compressing objects:  79% (63/79)        
build-and-test	UNKNOWN STEP	2025-10-27T15:10:07.8340814Z remote: Compressing objects:  81% (64/79)        
build-and-test	UNKNOWN STEP	2025-10-27T15:10:07.8341069Z remote: Compressing objects:  82% (65/79)        
build-and-test	UNKNOWN STEP	2025-10-27T15:10:07.8341496Z remote: Compressing objects:  83% (66/79)        
build-and-test	UNKNOWN STEP	2025-10-27T15:10:07.8341752Z remote: Compressing objects:  84% (67/79)        
build-and-test	UNKNOWN STEP	2025-10-27T15:10:07.8342013Z remote: Compressing objects:  86% (68/79)        
build-and-test	UNKNOWN STEP	2025-10-27T15:10:07.8342433Z remote: Compressing objects:  87% (69/79)        
build-and-test	UNKNOWN STEP	2025-10-27T15:10:07.8342709Z remote: Compressing objects:  88% (70/79)        
build-and-test	UNKNOWN STEP	2025-10-27T15:10:07.8342967Z remote: Compressing objects:  89% (71/79)        
build-and-test	UNKNOWN STEP	2025-10-27T15:10:07.8343220Z remote: Compressing objects:  91% (72/79)        
build-and-test	UNKNOWN STEP	2025-10-27T15:10:07.8343477Z remote: Compressing objects:  92% (73/79)        
build-and-test	UNKNOWN STEP	2025-10-27T15:10:07.8343731Z remote: Compressing objects:  93% (74/79)        
build-and-test	UNKNOWN STEP	2025-10-27T15:10:07.8343993Z remote: Compressing objects:  94% (75/79)        
build-and-test	UNKNOWN STEP	2025-10-27T15:10:07.8344248Z remote: Compressing objects:  96% (76/79)        
build-and-test	UNKNOWN STEP	2025-10-27T15:10:07.8344512Z remote: Compressing objects:  97% (77/79)        
build-and-test	UNKNOWN STEP	2025-10-27T15:10:07.8344768Z remote: Compressing objects:  98% (78/79)        
build-and-test	UNKNOWN STEP	2025-10-27T15:10:07.8345035Z remote: Compressing objects: 100% (79/79)        
build-and-test	UNKNOWN STEP	2025-10-27T15:10:07.8345326Z remote: Compressing objects: 100% (79/79), done.        
build-and-test	UNKNOWN STEP	2025-10-27T15:10:07.8471010Z Receiving objects:   0% (1/313)
build-and-test	UNKNOWN STEP	2025-10-27T15:10:07.8471395Z Receiving objects:   1% (4/313)
build-and-test	UNKNOWN STEP	2025-10-27T15:10:07.8474173Z Receiving objects:   2% (7/313)
build-and-test	UNKNOWN STEP	2025-10-27T15:10:07.8474709Z Receiving objects:   3% (10/313)
build-and-test	UNKNOWN STEP	2025-10-27T15:10:07.8475080Z Receiving objects:   4% (13/313)
build-and-test	UNKNOWN STEP	2025-10-27T15:10:07.8475423Z Receiving objects:   5% (16/313)
build-and-test	UNKNOWN STEP	2025-10-27T15:10:07.8475910Z Receiving objects:   6% (19/313)
build-and-test	UNKNOWN STEP	2025-10-27T15:10:07.8496895Z Receiving objects:   7% (22/313)
build-and-test	UNKNOWN STEP	2025-10-27T15:10:07.8497296Z Receiving objects:   8% (26/313)
build-and-test	UNKNOWN STEP	2025-10-27T15:10:07.8497653Z Receiving objects:   9% (29/313)
build-and-test	UNKNOWN STEP	2025-10-27T15:10:07.8497948Z Receiving objects:  10% (32/313)
build-and-test	UNKNOWN STEP	2025-10-27T15:10:07.8498449Z Receiving objects:  11% (35/313)
build-and-test	UNKNOWN STEP	2025-10-27T15:10:07.8503769Z Receiving objects:  12% (38/313)
build-and-test	UNKNOWN STEP	2025-10-27T15:10:07.8504434Z Receiving objects:  13% (41/313)
build-and-test	UNKNOWN STEP	2025-10-27T15:10:07.8504993Z Receiving objects:  14% (44/313)
build-and-test	UNKNOWN STEP	2025-10-27T15:10:07.8505536Z Receiving objects:  15% (47/313)
build-and-test	UNKNOWN STEP	2025-10-27T15:10:07.8506100Z Receiving objects:  16% (51/313)
build-and-test	UNKNOWN STEP	2025-10-27T15:10:07.8506607Z Receiving objects:  17% (54/313)
build-and-test	UNKNOWN STEP	2025-10-27T15:10:07.8507114Z Receiving objects:  18% (57/313)
build-and-test	UNKNOWN STEP	2025-10-27T15:10:07.8507621Z Receiving objects:  19% (60/313)
build-and-test	UNKNOWN STEP	2025-10-27T15:10:07.8508162Z Receiving objects:  20% (63/313)
build-and-test	UNKNOWN STEP	2025-10-27T15:10:07.8508680Z Receiving objects:  21% (66/313)
build-and-test	UNKNOWN STEP	2025-10-27T15:10:07.8509116Z Receiving objects:  22% (69/313)
build-and-test	UNKNOWN STEP	2025-10-27T15:10:07.8509574Z Receiving objects:  23% (72/313)
build-and-test	UNKNOWN STEP	2025-10-27T15:10:07.8509975Z Receiving objects:  24% (76/313)
build-and-test	UNKNOWN STEP	2025-10-27T15:10:07.8510508Z Receiving objects:  25% (79/313)
build-and-test	UNKNOWN STEP	2025-10-27T15:10:07.8510925Z Receiving objects:  26% (82/313)
build-and-test	UNKNOWN STEP	2025-10-27T15:10:07.8511227Z Receiving objects:  27% (85/313)
build-and-test	UNKNOWN STEP	2025-10-27T15:10:07.8511469Z Receiving objects:  28% (88/313)
build-and-test	UNKNOWN STEP	2025-10-27T15:10:07.8511697Z Receiving objects:  29% (91/313)
build-and-test	UNKNOWN STEP	2025-10-27T15:10:07.8513947Z Receiving objects:  30% (94/313)
build-and-test	UNKNOWN STEP	2025-10-27T15:10:07.8514370Z Receiving objects:  31% (98/313)
build-and-test	UNKNOWN STEP	2025-10-27T15:10:07.8514767Z Receiving objects:  32% (101/313)
build-and-test	UNKNOWN STEP	2025-10-27T15:10:07.8515016Z Receiving objects:  33% (104/313)
build-and-test	UNKNOWN STEP	2025-10-27T15:10:07.8515244Z Receiving objects:  34% (107/313)
build-and-test	UNKNOWN STEP	2025-10-27T15:10:07.8515451Z Receiving objects:  35% (110/313)
build-and-test	UNKNOWN STEP	2025-10-27T15:10:07.8515647Z Receiving objects:  36% (113/313)
build-and-test	UNKNOWN STEP	2025-10-27T15:10:07.8515863Z Receiving objects:  37% (116/313)
build-and-test	UNKNOWN STEP	2025-10-27T15:10:07.8654605Z Receiving objects:  38% (119/313)
build-and-test	UNKNOWN STEP	2025-10-27T15:10:07.8655264Z Receiving objects:  39% (123/313)
build-and-test	UNKNOWN STEP	2025-10-27T15:10:07.8655699Z Receiving objects:  40% (126/313)
build-and-test	UNKNOWN STEP	2025-10-27T15:10:07.8656134Z Receiving objects:  41% (129/313)
build-and-test	UNKNOWN STEP	2025-10-27T15:10:07.8656564Z Receiving objects:  42% (132/313)
build-and-test	UNKNOWN STEP	2025-10-27T15:10:07.8656997Z Receiving objects:  43% (135/313)
build-and-test	UNKNOWN STEP	2025-10-27T15:10:07.8657446Z Receiving objects:  44% (138/313)
build-and-test	UNKNOWN STEP	2025-10-27T15:10:07.8671930Z Receiving objects:  45% (141/313)
build-and-test	UNKNOWN STEP	2025-10-27T15:10:07.8672788Z Receiving objects:  46% (144/313)
build-and-test	UNKNOWN STEP	2025-10-27T15:10:07.8673106Z Receiving objects:  47% (148/313)
build-and-test	UNKNOWN STEP	2025-10-27T15:10:07.8673639Z Receiving objects:  48% (151/313)
build-and-test	UNKNOWN STEP	2025-10-27T15:10:07.8674557Z Receiving objects:  49% (154/313)
build-and-test	UNKNOWN STEP	2025-10-27T15:10:07.8675036Z Receiving objects:  50% (157/313)
build-and-test	UNKNOWN STEP	2025-10-27T15:10:07.8675506Z Receiving objects:  51% (160/313)
build-and-test	UNKNOWN STEP	2025-10-27T15:10:07.8675969Z Receiving objects:  52% (163/313)
build-and-test	UNKNOWN STEP	2025-10-27T15:10:07.8676862Z Receiving objects:  53% (166/313)
build-and-test	UNKNOWN STEP	2025-10-27T15:10:07.8680019Z Receiving objects:  54% (170/313)
build-and-test	UNKNOWN STEP	2025-10-27T15:10:07.8680844Z Receiving objects:  55% (173/313)
build-and-test	UNKNOWN STEP	2025-10-27T15:10:07.8681383Z Receiving objects:  56% (176/313)
build-and-test	UNKNOWN STEP	2025-10-27T15:10:07.8687102Z Receiving objects:  57% (179/313)
build-and-test	UNKNOWN STEP	2025-10-27T15:10:07.8688039Z Receiving objects:  58% (182/313)
build-and-test	UNKNOWN STEP	2025-10-27T15:10:07.8688636Z remote: Total 313 (delta 91), reused 132 (delta 83), pack-reused 142 (from 1)        
build-and-test	UNKNOWN STEP	2025-10-27T15:10:07.8689253Z Receiving objects:  59% (185/313)
build-and-test	UNKNOWN STEP	2025-10-27T15:10:07.8689662Z Receiving objects:  60% (188/313)
build-and-test	UNKNOWN STEP	2025-10-27T15:10:07.8690032Z Receiving objects:  61% (191/313)
build-and-test	UNKNOWN STEP	2025-10-27T15:10:07.8690410Z Receiving objects:  62% (195/313)
build-and-test	UNKNOWN STEP	2025-10-27T15:10:07.8690766Z Receiving objects:  63% (198/313)
build-and-test	UNKNOWN STEP	2025-10-27T15:10:07.8691146Z Receiving objects:  64% (201/313)
build-and-test	UNKNOWN STEP	2025-10-27T15:10:07.8691513Z Receiving objects:  65% (204/313)
build-and-test	UNKNOWN STEP	2025-10-27T15:10:07.8691892Z Receiving objects:  66% (207/313)
build-and-test	UNKNOWN STEP	2025-10-27T15:10:07.8692512Z Receiving objects:  67% (210/313)
build-and-test	UNKNOWN STEP	2025-10-27T15:10:07.8692917Z Receiving objects:  68% (213/313)
build-and-test	UNKNOWN STEP	2025-10-27T15:10:07.8693279Z Receiving objects:  69% (216/313)
build-and-test	UNKNOWN STEP	2025-10-27T15:10:07.8693636Z Receiving objects:  70% (220/313)
build-and-test	UNKNOWN STEP	2025-10-27T15:10:07.8694082Z Receiving objects:  71% (223/313)
build-and-test	UNKNOWN STEP	2025-10-27T15:10:07.8694455Z Receiving objects:  72% (226/313)
build-and-test	UNKNOWN STEP	2025-10-27T15:10:07.8695018Z Receiving objects:  73% (229/313)
build-and-test	UNKNOWN STEP	2025-10-27T15:10:07.8695381Z Receiving objects:  74% (232/313)
build-and-test	UNKNOWN STEP	2025-10-27T15:10:07.8695976Z Receiving objects:  75% (235/313)
build-and-test	UNKNOWN STEP	2025-10-27T15:10:07.8696361Z Receiving objects:  76% (238/313)
build-and-test	UNKNOWN STEP	2025-10-27T15:10:07.8696795Z Receiving objects:  77% (242/313)
build-and-test	UNKNOWN STEP	2025-10-27T15:10:07.8697162Z Receiving objects:  78% (245/313)
build-and-test	UNKNOWN STEP	2025-10-27T15:10:07.8697547Z Receiving objects:  79% (248/313)
build-and-test	UNKNOWN STEP	2025-10-27T15:10:07.8697919Z Receiving objects:  80% (251/313)
build-and-test	UNKNOWN STEP	2025-10-27T15:10:07.8698312Z Receiving objects:  81% (254/313)
build-and-test	UNKNOWN STEP	2025-10-27T15:10:07.8698684Z Receiving objects:  82% (257/313)
build-and-test	UNKNOWN STEP	2025-10-27T15:10:07.8699046Z Receiving objects:  83% (260/313)
build-and-test	UNKNOWN STEP	2025-10-27T15:10:07.8699409Z Receiving objects:  84% (263/313)
build-and-test	UNKNOWN STEP	2025-10-27T15:10:07.8699764Z Receiving objects:  85% (267/313)
build-and-test	UNKNOWN STEP	2025-10-27T15:10:07.8700129Z Receiving objects:  86% (270/313)
build-and-test	UNKNOWN STEP	2025-10-27T15:10:07.8700492Z Receiving objects:  87% (273/313)
build-and-test	UNKNOWN STEP	2025-10-27T15:10:07.8700854Z Receiving objects:  88% (276/313)
build-and-test	UNKNOWN STEP	2025-10-27T15:10:07.8701207Z Receiving objects:  89% (279/313)
build-and-test	UNKNOWN STEP	2025-10-27T15:10:07.8701573Z Receiving objects:  90% (282/313)
build-and-test	UNKNOWN STEP	2025-10-27T15:10:07.8701974Z Receiving objects:  91% (285/313)
build-and-test	UNKNOWN STEP	2025-10-27T15:10:07.8702491Z Receiving objects:  92% (288/313)
build-and-test	UNKNOWN STEP	2025-10-27T15:10:07.8702861Z Receiving objects:  93% (292/313)
build-and-test	UNKNOWN STEP	2025-10-27T15:10:07.8703231Z Receiving objects:  94% (295/313)
build-and-test	UNKNOWN STEP	2025-10-27T15:10:07.8703599Z Receiving objects:  95% (298/313)
build-and-test	UNKNOWN STEP	2025-10-27T15:10:07.8703954Z Receiving objects:  96% (301/313)
build-and-test	UNKNOWN STEP	2025-10-27T15:10:07.8704315Z Receiving objects:  97% (304/313)
build-and-test	UNKNOWN STEP	2025-10-27T15:10:07.8704675Z Receiving objects:  98% (307/313)
build-and-test	UNKNOWN STEP	2025-10-27T15:10:07.8705056Z Receiving objects:  99% (310/313)
build-and-test	UNKNOWN STEP	2025-10-27T15:10:07.8705431Z Receiving objects: 100% (313/313)
build-and-test	UNKNOWN STEP	2025-10-27T15:10:07.8705914Z Receiving objects: 100% (313/313), 71.35 KiB | 3.24 MiB/s, done.
build-and-test	UNKNOWN STEP	2025-10-27T15:10:07.8706457Z Resolving deltas:   0% (0/130)
build-and-test	UNKNOWN STEP	2025-10-27T15:10:07.8706827Z Resolving deltas:   1% (2/130)
build-and-test	UNKNOWN STEP	2025-10-27T15:10:07.8707116Z Resolving deltas:   2% (3/130)
build-and-test	UNKNOWN STEP	2025-10-27T15:10:07.8707317Z Resolving deltas:   3% (4/130)
build-and-test	UNKNOWN STEP	2025-10-27T15:10:07.8707516Z Resolving deltas:   4% (6/130)
build-and-test	UNKNOWN STEP	2025-10-27T15:10:07.8707720Z Resolving deltas:   5% (7/130)
build-and-test	UNKNOWN STEP	2025-10-27T15:10:07.8707951Z Resolving deltas:   6% (8/130)
build-and-test	UNKNOWN STEP	2025-10-27T15:10:07.8708532Z Resolving deltas:   7% (10/130)
build-and-test	UNKNOWN STEP	2025-10-27T15:10:07.8708900Z Resolving deltas:   8% (11/130)
build-and-test	UNKNOWN STEP	2025-10-27T15:10:07.8709251Z Resolving deltas:   9% (12/130)
build-and-test	UNKNOWN STEP	2025-10-27T15:10:07.8709589Z Resolving deltas:  10% (13/130)
build-and-test	UNKNOWN STEP	2025-10-27T15:10:07.8709933Z Resolving deltas:  11% (15/130)
build-and-test	UNKNOWN STEP	2025-10-27T15:10:07.8710272Z Resolving deltas:  12% (16/130)
build-and-test	UNKNOWN STEP	2025-10-27T15:10:07.8710630Z Resolving deltas:  13% (17/130)
build-and-test	UNKNOWN STEP	2025-10-27T15:10:07.8710973Z Resolving deltas:  14% (19/130)
build-and-test	UNKNOWN STEP	2025-10-27T15:10:07.8711332Z Resolving deltas:  15% (20/130)
build-and-test	UNKNOWN STEP	2025-10-27T15:10:07.8711684Z Resolving deltas:  16% (21/130)
build-and-test	UNKNOWN STEP	2025-10-27T15:10:07.8712044Z Resolving deltas:  17% (23/130)
build-and-test	UNKNOWN STEP	2025-10-27T15:10:07.8712549Z Resolving deltas:  18% (24/130)
build-and-test	UNKNOWN STEP	2025-10-27T15:10:07.8712898Z Resolving deltas:  19% (25/130)
build-and-test	UNKNOWN STEP	2025-10-27T15:10:07.8713249Z Resolving deltas:  20% (26/130)
build-and-test	UNKNOWN STEP	2025-10-27T15:10:07.8713613Z Resolving deltas:  21% (28/130)
build-and-test	UNKNOWN STEP	2025-10-27T15:10:07.8713960Z Resolving deltas:  22% (29/130)
build-and-test	UNKNOWN STEP	2025-10-27T15:10:07.8714303Z Resolving deltas:  23% (30/130)
build-and-test	UNKNOWN STEP	2025-10-27T15:10:07.8714659Z Resolving deltas:  24% (32/130)
build-and-test	UNKNOWN STEP	2025-10-27T15:10:07.8714996Z Resolving deltas:  25% (33/130)
build-and-test	UNKNOWN STEP	2025-10-27T15:10:07.8715345Z Resolving deltas:  26% (34/130)
build-and-test	UNKNOWN STEP	2025-10-27T15:10:07.8715737Z Resolving deltas:  27% (36/130)
build-and-test	UNKNOWN STEP	2025-10-27T15:10:07.8716079Z Resolving deltas:  28% (37/130)
build-and-test	UNKNOWN STEP	2025-10-27T15:10:07.8716429Z Resolving deltas:  29% (38/130)
build-and-test	UNKNOWN STEP	2025-10-27T15:10:07.8716773Z Resolving deltas:  30% (39/130)
build-and-test	UNKNOWN STEP	2025-10-27T15:10:07.8717118Z Resolving deltas:  31% (41/130)
build-and-test	UNKNOWN STEP	2025-10-27T15:10:07.8717460Z Resolving deltas:  32% (42/130)
build-and-test	UNKNOWN STEP	2025-10-27T15:10:07.8717806Z Resolving deltas:  33% (43/130)
build-and-test	UNKNOWN STEP	2025-10-27T15:10:07.8718149Z Resolving deltas:  34% (45/130)
build-and-test	UNKNOWN STEP	2025-10-27T15:10:07.8718497Z Resolving deltas:  35% (46/130)
build-and-test	UNKNOWN STEP	2025-10-27T15:10:07.8718838Z Resolving deltas:  36% (47/130)
build-and-test	UNKNOWN STEP	2025-10-27T15:10:07.8719199Z Resolving deltas:  37% (49/130)
build-and-test	UNKNOWN STEP	2025-10-27T15:10:07.8719578Z Resolving deltas:  38% (50/130)
build-and-test	UNKNOWN STEP	2025-10-27T15:10:07.8720117Z Resolving deltas:  39% (51/130)
build-and-test	UNKNOWN STEP	2025-10-27T15:10:07.8720474Z Resolving deltas:  40% (52/130)
build-and-test	UNKNOWN STEP	2025-10-27T15:10:07.8720821Z Resolving deltas:  41% (54/130)
build-and-test	UNKNOWN STEP	2025-10-27T15:10:07.8721171Z Resolving deltas:  42% (55/130)
build-and-test	UNKNOWN STEP	2025-10-27T15:10:07.8721512Z Resolving deltas:  43% (56/130)
build-and-test	UNKNOWN STEP	2025-10-27T15:10:07.8721854Z Resolving deltas:  44% (58/130)
build-and-test	UNKNOWN STEP	2025-10-27T15:10:07.8722203Z Resolving deltas:  45% (59/130)
build-and-test	UNKNOWN STEP	2025-10-27T15:10:07.8722736Z Resolving deltas:  46% (60/130)
build-and-test	UNKNOWN STEP	2025-10-27T15:10:07.8723077Z Resolving deltas:  47% (62/130)
build-and-test	UNKNOWN STEP	2025-10-27T15:10:07.8723423Z Resolving deltas:  48% (63/130)
build-and-test	UNKNOWN STEP	2025-10-27T15:10:07.8723788Z Resolving deltas:  49% (64/130)
build-and-test	UNKNOWN STEP	2025-10-27T15:10:07.8724134Z Resolving deltas:  50% (65/130)
build-and-test	UNKNOWN STEP	2025-10-27T15:10:07.8724482Z Resolving deltas:  51% (67/130)
build-and-test	UNKNOWN STEP	2025-10-27T15:10:07.8724818Z Resolving deltas:  52% (68/130)
build-and-test	UNKNOWN STEP	2025-10-27T15:10:07.8725170Z Resolving deltas:  53% (70/130)
build-and-test	UNKNOWN STEP	2025-10-27T15:10:07.8725543Z Resolving deltas:  54% (71/130)
build-and-test	UNKNOWN STEP	2025-10-27T15:10:07.8725917Z Resolving deltas:  55% (72/130)
build-and-test	UNKNOWN STEP	2025-10-27T15:10:07.8726260Z Resolving deltas:  56% (73/130)
build-and-test	UNKNOWN STEP	2025-10-27T15:10:07.8726611Z Resolving deltas:  57% (75/130)
build-and-test	UNKNOWN STEP	2025-10-27T15:10:07.8726950Z Resolving deltas:  58% (76/130)
build-and-test	UNKNOWN STEP	2025-10-27T15:10:07.8727287Z Resolving deltas:  59% (77/130)
build-and-test	UNKNOWN STEP	2025-10-27T15:10:07.8727641Z Resolving deltas:  60% (78/130)
build-and-test	UNKNOWN STEP	2025-10-27T15:10:07.8727982Z Resolving deltas:  61% (80/130)
build-and-test	UNKNOWN STEP	2025-10-27T15:10:07.8728333Z Resolving deltas:  62% (81/130)
build-and-test	UNKNOWN STEP	2025-10-27T15:10:07.8728682Z Resolving deltas:  63% (82/130)
build-and-test	UNKNOWN STEP	2025-10-27T15:10:07.8729032Z Resolving deltas:  64% (84/130)
build-and-test	UNKNOWN STEP	2025-10-27T15:10:07.8729375Z Resolving deltas:  65% (85/130)
build-and-test	UNKNOWN STEP	2025-10-27T15:10:07.8729725Z Resolving deltas:  66% (86/130)
build-and-test	UNKNOWN STEP	2025-10-27T15:10:07.8730070Z Resolving deltas:  67% (88/130)
build-and-test	UNKNOWN STEP	2025-10-27T15:10:07.8730419Z Resolving deltas:  68% (89/130)
build-and-test	UNKNOWN STEP	2025-10-27T15:10:07.8730774Z Resolving deltas:  69% (90/130)
build-and-test	UNKNOWN STEP	2025-10-27T15:10:07.8731122Z Resolving deltas:  70% (91/130)
build-and-test	UNKNOWN STEP	2025-10-27T15:10:07.8731461Z Resolving deltas:  71% (93/130)
build-and-test	UNKNOWN STEP	2025-10-27T15:10:07.8731801Z Resolving deltas:  72% (94/130)
build-and-test	UNKNOWN STEP	2025-10-27T15:10:07.8732157Z Resolving deltas:  73% (95/130)
build-and-test	UNKNOWN STEP	2025-10-27T15:10:07.8732762Z Resolving deltas:  74% (97/130)
build-and-test	UNKNOWN STEP	2025-10-27T15:10:07.8732965Z Resolving deltas:  75% (98/130)
build-and-test	UNKNOWN STEP	2025-10-27T15:10:07.8733311Z Resolving deltas:  76% (99/130)
build-and-test	UNKNOWN STEP	2025-10-27T15:10:07.8733621Z Resolving deltas:  77% (101/130)
build-and-test	UNKNOWN STEP	2025-10-27T15:10:07.8733828Z Resolving deltas:  78% (102/130)
build-and-test	UNKNOWN STEP	2025-10-27T15:10:07.8734029Z Resolving deltas:  79% (103/130)
build-and-test	UNKNOWN STEP	2025-10-27T15:10:07.8734229Z Resolving deltas:  80% (104/130)
build-and-test	UNKNOWN STEP	2025-10-27T15:10:07.8734421Z Resolving deltas:  81% (106/130)
build-and-test	UNKNOWN STEP	2025-10-27T15:10:07.8734617Z Resolving deltas:  82% (107/130)
build-and-test	UNKNOWN STEP	2025-10-27T15:10:07.8734810Z Resolving deltas:  83% (109/130)
build-and-test	UNKNOWN STEP	2025-10-27T15:10:07.8735006Z Resolving deltas:  84% (110/130)
build-and-test	UNKNOWN STEP	2025-10-27T15:10:07.8735210Z Resolving deltas:  85% (111/130)
build-and-test	UNKNOWN STEP	2025-10-27T15:10:07.8735408Z Resolving deltas:  86% (112/130)
build-and-test	UNKNOWN STEP	2025-10-27T15:10:07.8735602Z Resolving deltas:  87% (114/130)
build-and-test	UNKNOWN STEP	2025-10-27T15:10:07.8735806Z Resolving deltas:  88% (115/130)
build-and-test	UNKNOWN STEP	2025-10-27T15:10:07.8736012Z Resolving deltas:  89% (116/130)
build-and-test	UNKNOWN STEP	2025-10-27T15:10:07.8736207Z Resolving deltas:  90% (117/130)
build-and-test	UNKNOWN STEP	2025-10-27T15:10:07.8736413Z Resolving deltas:  91% (119/130)
build-and-test	UNKNOWN STEP	2025-10-27T15:10:07.8736606Z Resolving deltas:  92% (120/130)
build-and-test	UNKNOWN STEP	2025-10-27T15:10:07.8736859Z Resolving deltas:  93% (121/130)
build-and-test	UNKNOWN STEP	2025-10-27T15:10:07.8737218Z Resolving deltas:  94% (123/130)
build-and-test	UNKNOWN STEP	2025-10-27T15:10:07.8737572Z Resolving deltas:  95% (124/130)
build-and-test	UNKNOWN STEP	2025-10-27T15:10:07.8737912Z Resolving deltas:  96% (125/130)
build-and-test	UNKNOWN STEP	2025-10-27T15:10:07.8738268Z Resolving deltas:  97% (127/130)
build-and-test	UNKNOWN STEP	2025-10-27T15:10:07.8738618Z Resolving deltas:  98% (128/130)
build-and-test	UNKNOWN STEP	2025-10-27T15:10:07.8738917Z Resolving deltas:  99% (129/130)
build-and-test	UNKNOWN STEP	2025-10-27T15:10:07.8739115Z Resolving deltas: 100% (130/130)
build-and-test	UNKNOWN STEP	2025-10-27T15:10:07.8739317Z Resolving deltas: 100% (130/130), done.
build-and-test	UNKNOWN STEP	2025-10-27T15:10:07.9221725Z     Installed openzeppelin-contracts tag=v5.0.2@dbb6104ce834628e473d2173bbc9d47f81a9eec3
build-and-test	UNKNOWN STEP	2025-10-27T15:10:07.9240448Z ð§ Writing remappings.txt
build-and-test	UNKNOWN STEP	2025-10-27T15:10:07.9241443Z ð§¹ Updating dependencies (forge update)
build-and-test	UNKNOWN STEP	2025-10-27T15:10:07.9280569Z Warning: This is a nightly build of Foundry. It is recommended to use the latest stable version. To mute this warning set `FOUNDRY_DISABLE_NIGHTLY_WARNING` in your environment. 
build-and-test	UNKNOWN STEP	2025-10-27T15:10:07.9281287Z 
build-and-test	UNKNOWN STEP	2025-10-27T15:10:08.8825620Z ð remappings.txt contents:
build-and-test	UNKNOWN STEP	2025-10-27T15:10:08.8834441Z @openzeppelin/=lib/openzeppelin-contracts/
build-and-test	UNKNOWN STEP	2025-10-27T15:10:08.8836679Z â CI setup complete
build-and-test	UNKNOWN STEP	2025-10-27T15:10:08.8880136Z ##[group]Run echo "ð Checking remappings..."
build-and-test	UNKNOWN STEP	2025-10-27T15:10:08.8880733Z [36;1mecho "ð Checking remappings..."[0m
build-and-test	UNKNOWN STEP	2025-10-27T15:10:08.8881284Z [36;1mif grep -q '@openzeppelin' remappings.txt; then[0m
build-and-test	UNKNOWN STEP	2025-10-27T15:10:08.8881796Z [36;1m  echo "â remappings OK"[0m
build-and-test	UNKNOWN STEP	2025-10-27T15:10:08.8882190Z [36;1melse[0m
build-and-test	UNKNOWN STEP	2025-10-27T15:10:08.8883026Z [36;1m  echo "â remappings missing"[0m
build-and-test	UNKNOWN STEP	2025-10-27T15:10:08.8883282Z [36;1m  cat remappings.txt || true[0m
build-and-test	UNKNOWN STEP	2025-10-27T15:10:08.8883510Z [36;1m  exit 1[0m
build-and-test	UNKNOWN STEP	2025-10-27T15:10:08.8883670Z [36;1mfi[0m
build-and-test	UNKNOWN STEP	2025-10-27T15:10:08.8915495Z shell: /usr/bin/bash -e {0}
build-and-test	UNKNOWN STEP	2025-10-27T15:10:08.8915726Z ##[endgroup]
build-and-test	UNKNOWN STEP	2025-10-27T15:10:08.8966807Z ð Checking remappings...
build-and-test	UNKNOWN STEP	2025-10-27T15:10:08.8980453Z â remappings OK
build-and-test	UNKNOWN STEP	2025-10-27T15:10:08.9003208Z ##[group]Run forge build
build-and-test	UNKNOWN STEP	2025-10-27T15:10:08.9003459Z [36;1mforge build[0m
build-and-test	UNKNOWN STEP	2025-10-27T15:10:08.9034515Z shell: /usr/bin/bash -e {0}
build-and-test	UNKNOWN STEP	2025-10-27T15:10:08.9034737Z ##[endgroup]
build-and-test	UNKNOWN STEP	2025-10-27T15:10:08.9135901Z Warning: This is a nightly build of Foundry. It is recommended to use the latest stable version. To mute this warning set `FOUNDRY_DISABLE_NIGHTLY_WARNING` in your environment. 
build-and-test	UNKNOWN STEP	2025-10-27T15:10:08.9136510Z 
build-and-test	UNKNOWN STEP	2025-10-27T15:10:09.2892668Z Compiling 52 files with Solc 0.8.30
build-and-test	UNKNOWN STEP	2025-10-27T15:10:09.7374502Z Solc 0.8.30 finished in 448.20ms
build-and-test	UNKNOWN STEP	2025-10-27T15:10:09.7406564Z Error: Compiler run failed:
build-and-test	UNKNOWN STEP	2025-10-27T15:10:09.7407123Z Error (3656): Contract "SafetyAutomata" should be marked as abstract.
build-and-test	UNKNOWN STEP	2025-10-27T15:10:09.7407734Z  --> contracts/core/SafetyAutomata.sol:6:1:
build-and-test	UNKNOWN STEP	2025-10-27T15:10:09.7408100Z   |
build-and-test	UNKNOWN STEP	2025-10-27T15:10:09.7408436Z 6 | contract SafetyAutomata is AccessControl, ISafetyAutomata {
build-and-test	UNKNOWN STEP	2025-10-27T15:10:09.7409409Z   | ^ (Relevant source part starts here and spans across multiple lines).
build-and-test	UNKNOWN STEP	2025-10-27T15:10:09.7409888Z Note: Missing implementation: 
build-and-test	UNKNOWN STEP	2025-10-27T15:10:09.7410255Z  --> contracts/interfaces/ISafetyAutomata.sol:7:5:
build-and-test	UNKNOWN STEP	2025-10-27T15:10:09.7410592Z   |
build-and-test	UNKNOWN STEP	2025-10-27T15:10:09.7410913Z 7 |     function isPaused(bytes32 moduleId) external view returns (bool);
build-and-test	UNKNOWN STEP	2025-10-27T15:10:09.7411347Z   |     ^^^^^^^^^^^^^^^^^^^^^^^^^^^^^^^^^^^^^^^^^^^^^^^^^^^^^^^^^^^^^^^^^
build-and-test	UNKNOWN STEP	2025-10-27T15:10:09.7442984Z ##[error]Process completed with exit code 1.
build-and-test	UNKNOWN STEP	2025-10-27T15:10:09.7545872Z Post job cleanup.
build-and-test	UNKNOWN STEP	2025-10-27T15:10:09.8497493Z [command]/usr/bin/git version
build-and-test	UNKNOWN STEP	2025-10-27T15:10:09.8534186Z git version 2.51.0
build-and-test	UNKNOWN STEP	2025-10-27T15:10:09.8580727Z Temporarily overriding HOME='/home/runner/work/_temp/dace78f3-f564-4b99-a2fa-06f1fa949ddd' before making global git config changes
build-and-test	UNKNOWN STEP	2025-10-27T15:10:09.8582001Z Adding repository directory to the temporary git global config as a safe directory
build-and-test	UNKNOWN STEP	2025-10-27T15:10:09.8587550Z [command]/usr/bin/git config --global --add safe.directory /home/runner/work/1kUSD/1kUSD
build-and-test	UNKNOWN STEP	2025-10-27T15:10:09.8627222Z [command]/usr/bin/git config --local --name-only --get-regexp core\.sshCommand
build-and-test	UNKNOWN STEP	2025-10-27T15:10:09.8660597Z [command]/usr/bin/git submodule foreach --recursive sh -c "git config --local --name-only --get-regexp 'core\.sshCommand' && git config --local --unset-all 'core.sshCommand' || :"
build-and-test	UNKNOWN STEP	2025-10-27T15:10:09.8871019Z Entering 'lib/forge-std'
build-and-test	UNKNOWN STEP	2025-10-27T15:10:09.8914413Z Entering 'lib/openzeppelin-contracts'
build-and-test	UNKNOWN STEP	2025-10-27T15:10:09.8955337Z Entering 'lib/openzeppelin-contracts/lib/erc4626-tests'
build-and-test	UNKNOWN STEP	2025-10-27T15:10:09.8998952Z Entering 'lib/openzeppelin-contracts/lib/forge-std'
build-and-test	UNKNOWN STEP	2025-10-27T15:10:09.9041087Z Entering 'lib/openzeppelin-contracts/lib/forge-std/lib/ds-test'
build-and-test	UNKNOWN STEP	2025-10-27T15:10:09.9107264Z [command]/usr/bin/git config --local --name-only --get-regexp http\.https\:\/\/github\.com\/\.extraheader
build-and-test	UNKNOWN STEP	2025-10-27T15:10:09.9130394Z http.https://github.com/.extraheader
build-and-test	UNKNOWN STEP	2025-10-27T15:10:09.9142979Z [command]/usr/bin/git config --local --unset-all http.https://github.com/.extraheader
build-and-test	UNKNOWN STEP	2025-10-27T15:10:09.9174120Z [command]/usr/bin/git submodule foreach --recursive sh -c "git config --local --name-only --get-regexp 'http\.https\:\/\/github\.com\/\.extraheader' && git config --local --unset-all 'http.https://github.com/.extraheader' || :"
build-and-test	UNKNOWN STEP	2025-10-27T15:10:09.9385655Z Entering 'lib/forge-std'
build-and-test	UNKNOWN STEP	2025-10-27T15:10:09.9430035Z Entering 'lib/openzeppelin-contracts'
build-and-test	UNKNOWN STEP	2025-10-27T15:10:09.9474156Z Entering 'lib/openzeppelin-contracts/lib/erc4626-tests'
build-and-test	UNKNOWN STEP	2025-10-27T15:10:09.9518144Z Entering 'lib/openzeppelin-contracts/lib/forge-std'
build-and-test	UNKNOWN STEP	2025-10-27T15:10:09.9559406Z Entering 'lib/openzeppelin-contracts/lib/forge-std/lib/ds-test'
build-and-test	UNKNOWN STEP	2025-10-27T15:10:09.9731650Z Cleaning up orphan processes
